Archive member included because of file (symbol)

d:/blueaxis/downloads/compressed/dave infineon/dave_4-4-2_32bit_2018-02-23/dave-ide-4.4.2-32bit/eclipse/arm-gcc-49/bin/../lib/gcc/arm-none-eabi/4.9.3/armv6-m\libgcc.a(_udivsi3.o)
                              ./Startup/system_XMC1100.o (__aeabi_uidiv)
d:/blueaxis/downloads/compressed/dave infineon/dave_4-4-2_32bit_2018-02-23/dave-ide-4.4.2-32bit/eclipse/arm-gcc-49/bin/../lib/gcc/arm-none-eabi/4.9.3/armv6-m\libgcc.a(_divsi3.o)
                              ./Libraries/XMCLib/src/xmc1_scu.o (__aeabi_idiv)
d:/blueaxis/downloads/compressed/dave infineon/dave_4-4-2_32bit_2018-02-23/dave-ide-4.4.2-32bit/eclipse/arm-gcc-49/bin/../lib/gcc/arm-none-eabi/4.9.3/armv6-m\libgcc.a(_dvmd_tls.o)
                              d:/blueaxis/downloads/compressed/dave infineon/dave_4-4-2_32bit_2018-02-23/dave-ide-4.4.2-32bit/eclipse/arm-gcc-49/bin/../lib/gcc/arm-none-eabi/4.9.3/armv6-m\libgcc.a(_udivsi3.o) (__aeabi_idiv0)
d:/blueaxis/downloads/compressed/dave infineon/dave_4-4-2_32bit_2018-02-23/dave-ide-4.4.2-32bit/eclipse/arm-gcc-49/bin/../lib/gcc/arm-none-eabi/4.9.3/armv6-m\libgcc.a(_fixunssfsi.o)
                              ./Libraries/XMCLib/src/xmc_usic.o (__aeabi_f2uiz)
d:/blueaxis/downloads/compressed/dave infineon/dave_4-4-2_32bit_2018-02-23/dave-ide-4.4.2-32bit/eclipse/arm-gcc-49/bin/../lib/gcc/arm-none-eabi/4.9.3/armv6-m\libgcc.a(divsf3.o)
                              ./Libraries/XMCLib/src/xmc_usic.o (__aeabi_fdiv)
d:/blueaxis/downloads/compressed/dave infineon/dave_4-4-2_32bit_2018-02-23/dave-ide-4.4.2-32bit/eclipse/arm-gcc-49/bin/../lib/gcc/arm-none-eabi/4.9.3/armv6-m\libgcc.a(mulsf3.o)
                              ./Libraries/XMCLib/src/xmc_usic.o (__aeabi_fmul)
d:/blueaxis/downloads/compressed/dave infineon/dave_4-4-2_32bit_2018-02-23/dave-ide-4.4.2-32bit/eclipse/arm-gcc-49/bin/../lib/gcc/arm-none-eabi/4.9.3/armv6-m\libgcc.a(subsf3.o)
                              d:/blueaxis/downloads/compressed/dave infineon/dave_4-4-2_32bit_2018-02-23/dave-ide-4.4.2-32bit/eclipse/arm-gcc-49/bin/../lib/gcc/arm-none-eabi/4.9.3/armv6-m\libgcc.a(_fixunssfsi.o) (__aeabi_fsub)
d:/blueaxis/downloads/compressed/dave infineon/dave_4-4-2_32bit_2018-02-23/dave-ide-4.4.2-32bit/eclipse/arm-gcc-49/bin/../lib/gcc/arm-none-eabi/4.9.3/armv6-m\libgcc.a(fixsfsi.o)
                              d:/blueaxis/downloads/compressed/dave infineon/dave_4-4-2_32bit_2018-02-23/dave-ide-4.4.2-32bit/eclipse/arm-gcc-49/bin/../lib/gcc/arm-none-eabi/4.9.3/armv6-m\libgcc.a(_fixunssfsi.o) (__aeabi_f2iz)
d:/blueaxis/downloads/compressed/dave infineon/dave_4-4-2_32bit_2018-02-23/dave-ide-4.4.2-32bit/eclipse/arm-gcc-49/bin/../lib/gcc/arm-none-eabi/4.9.3/armv6-m\libgcc.a(floatunsisf.o)
                              ./Libraries/XMCLib/src/xmc_usic.o (__aeabi_ui2f)
d:/blueaxis/downloads/compressed/dave infineon/dave_4-4-2_32bit_2018-02-23/dave-ide-4.4.2-32bit/eclipse/arm-gcc-49/bin/../lib/gcc/arm-none-eabi/4.9.3/armv6-m\libgcc.a(_arm_cmpsf2.o)
                              d:/blueaxis/downloads/compressed/dave infineon/dave_4-4-2_32bit_2018-02-23/dave-ide-4.4.2-32bit/eclipse/arm-gcc-49/bin/../lib/gcc/arm-none-eabi/4.9.3/armv6-m\libgcc.a(_fixunssfsi.o) (__aeabi_fcmpge)
d:/blueaxis/downloads/compressed/dave infineon/dave_4-4-2_32bit_2018-02-23/dave-ide-4.4.2-32bit/eclipse/arm-gcc-49/bin/../lib/gcc/arm-none-eabi/4.9.3/armv6-m\libgcc.a(_clzsi2.o)
                              d:/blueaxis/downloads/compressed/dave infineon/dave_4-4-2_32bit_2018-02-23/dave-ide-4.4.2-32bit/eclipse/arm-gcc-49/bin/../lib/gcc/arm-none-eabi/4.9.3/armv6-m\libgcc.a(divsf3.o) (__clzsi2)
d:/blueaxis/downloads/compressed/dave infineon/dave_4-4-2_32bit_2018-02-23/dave-ide-4.4.2-32bit/eclipse/arm-gcc-49/bin/../lib/gcc/arm-none-eabi/4.9.3/armv6-m\libgcc.a(eqsf2.o)
                              d:/blueaxis/downloads/compressed/dave infineon/dave_4-4-2_32bit_2018-02-23/dave-ide-4.4.2-32bit/eclipse/arm-gcc-49/bin/../lib/gcc/arm-none-eabi/4.9.3/armv6-m\libgcc.a(_arm_cmpsf2.o) (__eqsf2)
d:/blueaxis/downloads/compressed/dave infineon/dave_4-4-2_32bit_2018-02-23/dave-ide-4.4.2-32bit/eclipse/arm-gcc-49/bin/../lib/gcc/arm-none-eabi/4.9.3/armv6-m\libgcc.a(gesf2.o)
                              d:/blueaxis/downloads/compressed/dave infineon/dave_4-4-2_32bit_2018-02-23/dave-ide-4.4.2-32bit/eclipse/arm-gcc-49/bin/../lib/gcc/arm-none-eabi/4.9.3/armv6-m\libgcc.a(_arm_cmpsf2.o) (__gesf2)
d:/blueaxis/downloads/compressed/dave infineon/dave_4-4-2_32bit_2018-02-23/dave-ide-4.4.2-32bit/eclipse/arm-gcc-49/bin/../lib/gcc/arm-none-eabi/4.9.3/armv6-m\libgcc.a(lesf2.o)
                              d:/blueaxis/downloads/compressed/dave infineon/dave_4-4-2_32bit_2018-02-23/dave-ide-4.4.2-32bit/eclipse/arm-gcc-49/bin/../lib/gcc/arm-none-eabi/4.9.3/armv6-m\libgcc.a(_arm_cmpsf2.o) (__lesf2)
d:/blueaxis/downloads/compressed/dave infineon/dave_4-4-2_32bit_2018-02-23/dave-ide-4.4.2-32bit/eclipse/arm-gcc-49/bin/../lib/gcc/arm-none-eabi/4.9.3/../../../../arm-none-eabi/lib/armv6-m\libc_nano.a(lib_a-errno.o)
                              ./Libraries/Newlib/syscalls.o (__errno)
d:/blueaxis/downloads/compressed/dave infineon/dave_4-4-2_32bit_2018-02-23/dave-ide-4.4.2-32bit/eclipse/arm-gcc-49/bin/../lib/gcc/arm-none-eabi/4.9.3/../../../../arm-none-eabi/lib/armv6-m\libc_nano.a(lib_a-impure.o)
                              d:/blueaxis/downloads/compressed/dave infineon/dave_4-4-2_32bit_2018-02-23/dave-ide-4.4.2-32bit/eclipse/arm-gcc-49/bin/../lib/gcc/arm-none-eabi/4.9.3/../../../../arm-none-eabi/lib/armv6-m\libc_nano.a(lib_a-errno.o) (_impure_ptr)
d:/blueaxis/downloads/compressed/dave infineon/dave_4-4-2_32bit_2018-02-23/dave-ide-4.4.2-32bit/eclipse/arm-gcc-49/bin/../lib/gcc/arm-none-eabi/4.9.3/../../../../arm-none-eabi/lib/armv6-m\libc_nano.a(lib_a-init.o)
                              ./Startup/startup_XMC1100.o (__libc_init_array)

Allocating common symbols
Common symbol       size              file

results             0x6               ./main.o

Discarded input sections

 .text          0x00000000        0x0 ./Startup/startup_XMC1100.o
 .data          0x00000000        0x0 ./Startup/startup_XMC1100.o
 .bss           0x00000000        0x0 ./Startup/startup_XMC1100.o
 .text          0x00000000        0x0 ./Startup/system_XMC1100.o
 .data          0x00000000        0x0 ./Startup/system_XMC1100.o
 .bss           0x00000000        0x0 ./Startup/system_XMC1100.o
 .text.SystemCoreSetup
                0x00000000       0x20 ./Startup/system_XMC1100.o
 .text.SystemCoreClockSetup
                0x00000000       0x2c ./Startup/system_XMC1100.o
 .comment       0x00000000       0x71 ./Startup/system_XMC1100.o
 .text          0x00000000        0x0 ./Libraries/XMCLib/src/xmc1_eru.o
 .data          0x00000000        0x0 ./Libraries/XMCLib/src/xmc1_eru.o
 .bss           0x00000000        0x0 ./Libraries/XMCLib/src/xmc1_eru.o
 .text.XMC_ERU_Enable
                0x00000000        0x2 ./Libraries/XMCLib/src/xmc1_eru.o
 .text.XMC_ERU_Disable
                0x00000000        0x2 ./Libraries/XMCLib/src/xmc1_eru.o
 .comment       0x00000000       0x71 ./Libraries/XMCLib/src/xmc1_eru.o
 .ARM.attributes
                0x00000000       0x31 ./Libraries/XMCLib/src/xmc1_eru.o
 .text          0x00000000        0x0 ./Libraries/XMCLib/src/xmc1_flash.o
 .data          0x00000000        0x0 ./Libraries/XMCLib/src/xmc1_flash.o
 .bss           0x00000000        0x0 ./Libraries/XMCLib/src/xmc1_flash.o
 .text.XMC_FLASH_ClearStatus
                0x00000000       0x14 ./Libraries/XMCLib/src/xmc1_flash.o
 .text.XMC_FLASH_GetStatus
                0x00000000        0xc ./Libraries/XMCLib/src/xmc1_flash.o
 .text.XMC_FLASH_EnableEvent
                0x00000000       0x10 ./Libraries/XMCLib/src/xmc1_flash.o
 .text.XMC_FLASH_DisableEvent
                0x00000000       0x10 ./Libraries/XMCLib/src/xmc1_flash.o
 .text.XMC_FLASH_ErasePage
                0x00000000        0xc ./Libraries/XMCLib/src/xmc1_flash.o
 .text.XMC_FLASH_ProgramVerifyPage
                0x00000000       0x12 ./Libraries/XMCLib/src/xmc1_flash.o
 .text.XMC_FLASH_WriteBlocks
                0x00000000       0x5c ./Libraries/XMCLib/src/xmc1_flash.o
 .text.XMC_FLASH_ErasePages
                0x00000000       0x28 ./Libraries/XMCLib/src/xmc1_flash.o
 .text.XMC_FLASH_VerifyBlocks
                0x00000000       0x4c ./Libraries/XMCLib/src/xmc1_flash.o
 .text.XMC_FLASH_ReadBlocks
                0x00000000       0x20 ./Libraries/XMCLib/src/xmc1_flash.o
 .text.XMC_FLASH_EraseSector
                0x00000000        0xa ./Libraries/XMCLib/src/xmc1_flash.o
 .text.XMC_FLASH_ProgramPage
                0x00000000        0x8 ./Libraries/XMCLib/src/xmc1_flash.o
 .comment       0x00000000       0x71 ./Libraries/XMCLib/src/xmc1_flash.o
 .ARM.attributes
                0x00000000       0x31 ./Libraries/XMCLib/src/xmc1_flash.o
 .text          0x00000000        0x0 ./Libraries/XMCLib/src/xmc1_gpio.o
 .data          0x00000000        0x0 ./Libraries/XMCLib/src/xmc1_gpio.o
 .bss           0x00000000        0x0 ./Libraries/XMCLib/src/xmc1_gpio.o
 .text.XMC_GPIO_SetInputHysteresis
                0x00000000       0x24 ./Libraries/XMCLib/src/xmc1_gpio.o
 .comment       0x00000000       0x71 ./Libraries/XMCLib/src/xmc1_gpio.o
 .text          0x00000000        0x0 ./Libraries/XMCLib/src/xmc1_rtc.o
 .data          0x00000000        0x0 ./Libraries/XMCLib/src/xmc1_rtc.o
 .bss           0x00000000        0x0 ./Libraries/XMCLib/src/xmc1_rtc.o
 .text.XMC_RTC_Enable
                0x00000000        0xc ./Libraries/XMCLib/src/xmc1_rtc.o
 .text.XMC_RTC_Disable
                0x00000000        0xc ./Libraries/XMCLib/src/xmc1_rtc.o
 .text.XMC_RTC_SetDebugMode
                0x00000000       0x14 ./Libraries/XMCLib/src/xmc1_rtc.o
 .text.XMC_RTC_EnableEvent
                0x00000000       0x10 ./Libraries/XMCLib/src/xmc1_rtc.o
 .text.XMC_RTC_DisableEvent
                0x00000000       0x10 ./Libraries/XMCLib/src/xmc1_rtc.o
 .text.XMC_RTC_ClearEvent
                0x00000000        0xc ./Libraries/XMCLib/src/xmc1_rtc.o
 .text.XMC_RTC_IsEnabled
                0x00000000       0x12 ./Libraries/XMCLib/src/xmc1_rtc.o
 .text.XMC_RTC_Init
                0x00000000       0x4c ./Libraries/XMCLib/src/xmc1_rtc.o
 .comment       0x00000000       0x71 ./Libraries/XMCLib/src/xmc1_rtc.o
 .ARM.attributes
                0x00000000       0x31 ./Libraries/XMCLib/src/xmc1_rtc.o
 .text          0x00000000        0x0 ./Libraries/XMCLib/src/xmc1_scu.o
 .data          0x00000000        0x0 ./Libraries/XMCLib/src/xmc1_scu.o
 .bss           0x00000000        0x0 ./Libraries/XMCLib/src/xmc1_scu.o
 .text.XMC_SCU_CalcTSEVAR
                0x00000000       0x22 ./Libraries/XMCLib/src/xmc1_scu.o
 .text.XMC_SCU_INTERRUPT_EnableEvent
                0x00000000       0x10 ./Libraries/XMCLib/src/xmc1_scu.o
 .text.XMC_SCU_INTERRUPT_DisableEvent
                0x00000000       0x10 ./Libraries/XMCLib/src/xmc1_scu.o
 .text.XMC_SCU_INTERRUPT_TriggerEvent
                0x00000000       0x10 ./Libraries/XMCLib/src/xmc1_scu.o
 .text.XMC_SCU_INTERUPT_GetEventStatus
                0x00000000        0xc ./Libraries/XMCLib/src/xmc1_scu.o
 .text.XMC_SCU_INTERRUPT_ClearEventStatus
                0x00000000       0x10 ./Libraries/XMCLib/src/xmc1_scu.o
 .text.XMC_SCU_LockProtectedBits
                0x00000000        0xc ./Libraries/XMCLib/src/xmc1_scu.o
 .text.XMC_SCU_SupplyMonitorInit
                0x00000000       0x48 ./Libraries/XMCLib/src/xmc1_scu.o
 .text.XMC_SCU_SetTempLowLimit
                0x00000000       0x1c ./Libraries/XMCLib/src/xmc1_scu.o
 .text.XMC_SCU_SetTempHighLimit
                0x00000000       0x1c ./Libraries/XMCLib/src/xmc1_scu.o
 .text.XMC_SCU_SetRawTempLimits
                0x00000000       0x10 ./Libraries/XMCLib/src/xmc1_scu.o
 .text.XMC_SCU_StartTempMeasurement
                0x00000000       0x10 ./Libraries/XMCLib/src/xmc1_scu.o
 .text.XMC_SCU_StopTempMeasurement
                0x00000000       0x10 ./Libraries/XMCLib/src/xmc1_scu.o
 .text.XMC_SCU_HighTemperature
                0x00000000       0x10 ./Libraries/XMCLib/src/xmc1_scu.o
 .text.XMC_SCU_LowTemperature
                0x00000000        0xc ./Libraries/XMCLib/src/xmc1_scu.o
 .text.XMC_SCU_GetTemperature
                0x00000000        0xc ./Libraries/XMCLib/src/xmc1_scu.o
 .text.XMC_SCU_CalcTemperature
                0x00000000        0xc ./Libraries/XMCLib/src/xmc1_scu.o
 .text.XMC_SCU_CLOCK_SetRtcClockSource
                0x00000000       0x28 ./Libraries/XMCLib/src/xmc1_scu.o
 .text.XMC_SCU_CLOCK_SetFastPeripheralClockSource
                0x00000000       0x28 ./Libraries/XMCLib/src/xmc1_scu.o
 .text.XMC_SCU_CLOCK_GatePeripheralClock
                0x00000000       0x20 ./Libraries/XMCLib/src/xmc1_scu.o
 .text.XMC_SCU_CLOCK_IsPeripheralClockGated
                0x00000000       0x14 ./Libraries/XMCLib/src/xmc1_scu.o
 .text.XMC_SCU_CLOCK_SetMCLKFrequency
                0x00000000       0x24 ./Libraries/XMCLib/src/xmc1_scu.o
 .text.XMC_SCU_CLOCK_GetPeripheralClockFrequency
                0x00000000        0xc ./Libraries/XMCLib/src/xmc1_scu.o
 .text.XMC_SCU_CLOCK_GetFastPeripheralClockFrequency
                0x00000000       0x1c ./Libraries/XMCLib/src/xmc1_scu.o
 .text.XMC_SCU_CLOCK_CalibrateOscillatorOnTemperature
                0x00000000       0x4c ./Libraries/XMCLib/src/xmc1_scu.o
 .text.XMC_SCU_INTERRUPT_SetEventHandler
                0x00000000       0x2c ./Libraries/XMCLib/src/xmc1_scu.o
 .text.XMC_SCU_IRQHandler
                0x00000000       0x4c ./Libraries/XMCLib/src/xmc1_scu.o
 .text.XMC_SCU_SetBMI
                0x00000000       0x1c ./Libraries/XMCLib/src/xmc1_scu.o
 .bss.event_handler_list
                0x00000000       0x80 ./Libraries/XMCLib/src/xmc1_scu.o
 .rodata.event_masks
                0x00000000        0xc ./Libraries/XMCLib/src/xmc1_scu.o
 .comment       0x00000000       0x71 ./Libraries/XMCLib/src/xmc1_scu.o
 .text          0x00000000        0x0 ./Libraries/XMCLib/src/xmc_acmp.o
 .data          0x00000000        0x0 ./Libraries/XMCLib/src/xmc_acmp.o
 .bss           0x00000000        0x0 ./Libraries/XMCLib/src/xmc_acmp.o
 .comment       0x00000000       0x71 ./Libraries/XMCLib/src/xmc_acmp.o
 .ARM.attributes
                0x00000000       0x31 ./Libraries/XMCLib/src/xmc_acmp.o
 .text          0x00000000        0x0 ./Libraries/XMCLib/src/xmc_bccu.o
 .data          0x00000000        0x0 ./Libraries/XMCLib/src/xmc_bccu.o
 .bss           0x00000000        0x0 ./Libraries/XMCLib/src/xmc_bccu.o
 .comment       0x00000000       0x71 ./Libraries/XMCLib/src/xmc_bccu.o
 .ARM.attributes
                0x00000000       0x31 ./Libraries/XMCLib/src/xmc_bccu.o
 .text          0x00000000        0x0 ./Libraries/XMCLib/src/xmc_can.o
 .data          0x00000000        0x0 ./Libraries/XMCLib/src/xmc_can.o
 .bss           0x00000000        0x0 ./Libraries/XMCLib/src/xmc_can.o
 .comment       0x00000000       0x71 ./Libraries/XMCLib/src/xmc_can.o
 .ARM.attributes
                0x00000000       0x31 ./Libraries/XMCLib/src/xmc_can.o
 .text          0x00000000        0x0 ./Libraries/XMCLib/src/xmc_ccu4.o
 .data          0x00000000        0x0 ./Libraries/XMCLib/src/xmc_ccu4.o
 .bss           0x00000000        0x0 ./Libraries/XMCLib/src/xmc_ccu4.o
 .text.XMC_CCU4_EnableModule
                0x00000000       0x14 ./Libraries/XMCLib/src/xmc_ccu4.o
 .text.XMC_CCU4_DisableModule
                0x00000000       0x14 ./Libraries/XMCLib/src/xmc_ccu4.o
 .text.XMC_CCU4_Init
                0x00000000       0x30 ./Libraries/XMCLib/src/xmc_ccu4.o
 .text.XMC_CCU4_SetModuleClock
                0x00000000        0xe ./Libraries/XMCLib/src/xmc_ccu4.o
 .text.XMC_CCU4_SetMultiChannelShadowTransferMode
                0x00000000        0xe ./Libraries/XMCLib/src/xmc_ccu4.o
 .text.XMC_CCU4_SLICE_CompareInit
                0x00000000       0x2e ./Libraries/XMCLib/src/xmc_ccu4.o
 .text.XMC_CCU4_SLICE_CaptureInit
                0x00000000       0x20 ./Libraries/XMCLib/src/xmc_ccu4.o
 .text.XMC_CCU4_SLICE_StartConfig
                0x00000000       0x28 ./Libraries/XMCLib/src/xmc_ccu4.o
 .text.XMC_CCU4_SLICE_StopConfig
                0x00000000       0x20 ./Libraries/XMCLib/src/xmc_ccu4.o
 .text.XMC_CCU4_SLICE_LoadConfig
                0x00000000       0x14 ./Libraries/XMCLib/src/xmc_ccu4.o
 .text.XMC_CCU4_SLICE_ModulationConfig
                0x00000000       0x40 ./Libraries/XMCLib/src/xmc_ccu4.o
 .text.XMC_CCU4_SLICE_CountConfig
                0x00000000       0x14 ./Libraries/XMCLib/src/xmc_ccu4.o
 .text.XMC_CCU4_SLICE_GateConfig
                0x00000000       0x14 ./Libraries/XMCLib/src/xmc_ccu4.o
 .text.XMC_CCU4_SLICE_Capture0Config
                0x00000000        0xe ./Libraries/XMCLib/src/xmc_ccu4.o
 .text.XMC_CCU4_SLICE_Capture1Config
                0x00000000        0xe ./Libraries/XMCLib/src/xmc_ccu4.o
 .text.XMC_CCU4_SLICE_DirectionConfig
                0x00000000       0x14 ./Libraries/XMCLib/src/xmc_ccu4.o
 .text.XMC_CCU4_SLICE_StatusBitOverrideConfig
                0x00000000        0xc ./Libraries/XMCLib/src/xmc_ccu4.o
 .text.XMC_CCU4_SLICE_TrapConfig
                0x00000000       0x3c ./Libraries/XMCLib/src/xmc_ccu4.o
 .text.XMC_CCU4_SLICE_ConfigureStatusBitOverrideEvent
                0x00000000       0x74 ./Libraries/XMCLib/src/xmc_ccu4.o
 .text.XMC_CCU4_SLICE_ConfigureEvent
                0x00000000       0x56 ./Libraries/XMCLib/src/xmc_ccu4.o
 .text.XMC_CCU4_SLICE_SetInput
                0x00000000       0x18 ./Libraries/XMCLib/src/xmc_ccu4.o
 .text.XMC_CCU4_SLICE_SetTimerRepeatMode
                0x00000000       0x12 ./Libraries/XMCLib/src/xmc_ccu4.o
 .text.XMC_CCU4_SLICE_SetTimerCountingMode
                0x00000000       0x12 ./Libraries/XMCLib/src/xmc_ccu4.o
 .text.XMC_CCU4_SLICE_GetCaptureRegisterValue
                0x00000000        0xa ./Libraries/XMCLib/src/xmc_ccu4.o
 .text.XMC_CCU4_SLICE_GetLastCapturedTimerValue
                0x00000000       0x3e ./Libraries/XMCLib/src/xmc_ccu4.o
 .text.XMC_CCU4_SLICE_GetCapturedValueFromFifo
                0x00000000        0xe ./Libraries/XMCLib/src/xmc_ccu4.o
 .text.XMC_CCU4_SLICE_EnableDithering
                0x00000000       0x28 ./Libraries/XMCLib/src/xmc_ccu4.o
 .text.XMC_CCU4_SLICE_SetPrescaler
                0x00000000       0x14 ./Libraries/XMCLib/src/xmc_ccu4.o
 .text.XMC_CCU4_SLICE_SetInterruptNode
                0x00000000       0x30 ./Libraries/XMCLib/src/xmc_ccu4.o
 .text.XMC_CCU4_SLICE_SetPassiveLevel
                0x00000000        0xc ./Libraries/XMCLib/src/xmc_ccu4.o
 .rodata.CSWTCH.36
                0x00000000       0x14 ./Libraries/XMCLib/src/xmc_ccu4.o
 .rodata.CSWTCH.35
                0x00000000        0xa ./Libraries/XMCLib/src/xmc_ccu4.o
 .comment       0x00000000       0x71 ./Libraries/XMCLib/src/xmc_ccu4.o
 .ARM.attributes
                0x00000000       0x31 ./Libraries/XMCLib/src/xmc_ccu4.o
 .text          0x00000000        0x0 ./Libraries/XMCLib/src/xmc_ccu8.o
 .data          0x00000000        0x0 ./Libraries/XMCLib/src/xmc_ccu8.o
 .bss           0x00000000        0x0 ./Libraries/XMCLib/src/xmc_ccu8.o
 .comment       0x00000000       0x71 ./Libraries/XMCLib/src/xmc_ccu8.o
 .ARM.attributes
                0x00000000       0x31 ./Libraries/XMCLib/src/xmc_ccu8.o
 .text          0x00000000        0x0 ./Libraries/XMCLib/src/xmc_common.o
 .data          0x00000000        0x0 ./Libraries/XMCLib/src/xmc_common.o
 .bss           0x00000000        0x0 ./Libraries/XMCLib/src/xmc_common.o
 .text.XMC_LIST_Init
                0x00000000        0x6 ./Libraries/XMCLib/src/xmc_common.o
 .text.XMC_LIST_GetHead
                0x00000000        0x4 ./Libraries/XMCLib/src/xmc_common.o
 .text.XMC_LIST_GetTail
                0x00000000       0x12 ./Libraries/XMCLib/src/xmc_common.o
 .text.XMC_LIST_Add
                0x00000000       0x1a ./Libraries/XMCLib/src/xmc_common.o
 .text.XMC_LIST_Remove
                0x00000000       0x2e ./Libraries/XMCLib/src/xmc_common.o
 .text.XMC_LIST_Insert
                0x00000000       0x14 ./Libraries/XMCLib/src/xmc_common.o
 .text.XMC_PRIOARRAY_Init
                0x00000000       0x2c ./Libraries/XMCLib/src/xmc_common.o
 .text.XMC_PRIOARRAY_Add
                0x00000000       0x32 ./Libraries/XMCLib/src/xmc_common.o
 .text.XMC_PRIOARRAY_Remove
                0x00000000       0x1e ./Libraries/XMCLib/src/xmc_common.o
 .comment       0x00000000       0x71 ./Libraries/XMCLib/src/xmc_common.o
 .ARM.attributes
                0x00000000       0x31 ./Libraries/XMCLib/src/xmc_common.o
 .text          0x00000000        0x0 ./Libraries/XMCLib/src/xmc_eru.o
 .data          0x00000000        0x0 ./Libraries/XMCLib/src/xmc_eru.o
 .bss           0x00000000        0x0 ./Libraries/XMCLib/src/xmc_eru.o
 .text.XMC_ERU_ETL_Init
                0x00000000       0x28 ./Libraries/XMCLib/src/xmc_eru.o
 .text.XMC_ERU_OGU_Init
                0x00000000       0x16 ./Libraries/XMCLib/src/xmc_eru.o
 .text.XMC_ERU_ETL_SetInput
                0x00000000       0x1a ./Libraries/XMCLib/src/xmc_eru.o
 .text.XMC_ERU_ETL_SetSource
                0x00000000       0x1c ./Libraries/XMCLib/src/xmc_eru.o
 .text.XMC_ERU_ETL_SetEdgeDetection
                0x00000000       0x18 ./Libraries/XMCLib/src/xmc_eru.o
 .text.XMC_ERU_ETL_GetEdgeDetection
                0x00000000        0xc ./Libraries/XMCLib/src/xmc_eru.o
 .text.XMC_ERU_ETL_SetStatusFlagMode
                0x00000000       0x18 ./Libraries/XMCLib/src/xmc_eru.o
 .text.XMC_ERU_ETL_EnableOutputTrigger
                0x00000000       0x20 ./Libraries/XMCLib/src/xmc_eru.o
 .text.XMC_ERU_ETL_DisableOutputTrigger
                0x00000000        0xe ./Libraries/XMCLib/src/xmc_eru.o
 .text.XMC_ERU_OGU_EnablePatternDetection
                0x00000000       0x24 ./Libraries/XMCLib/src/xmc_eru.o
 .text.XMC_ERU_OGU_DisablePatternDetection
                0x00000000        0xe ./Libraries/XMCLib/src/xmc_eru.o
 .text.XMC_ERU_OGU_EnablePeripheralTrigger
                0x00000000       0x14 ./Libraries/XMCLib/src/xmc_eru.o
 .text.XMC_ERU_OGU_DisablePeripheralTrigger
                0x00000000        0xe ./Libraries/XMCLib/src/xmc_eru.o
 .text.XMC_ERU_OGU_SetServiceRequestMode
                0x00000000       0x18 ./Libraries/XMCLib/src/xmc_eru.o
 .comment       0x00000000       0x71 ./Libraries/XMCLib/src/xmc_eru.o
 .ARM.attributes
                0x00000000       0x31 ./Libraries/XMCLib/src/xmc_eru.o
 .text          0x00000000        0x0 ./Libraries/XMCLib/src/xmc_gpio.o
 .data          0x00000000        0x0 ./Libraries/XMCLib/src/xmc_gpio.o
 .bss           0x00000000        0x0 ./Libraries/XMCLib/src/xmc_gpio.o
 .text.XMC_GPIO_SetMode
                0x00000000       0x24 ./Libraries/XMCLib/src/xmc_gpio.o
 .comment       0x00000000       0x71 ./Libraries/XMCLib/src/xmc_gpio.o
 .text          0x00000000        0x0 ./Libraries/XMCLib/src/xmc_i2c.o
 .data          0x00000000        0x0 ./Libraries/XMCLib/src/xmc_i2c.o
 .bss           0x00000000        0x0 ./Libraries/XMCLib/src/xmc_i2c.o
 .text.XMC_I2C_CH_SetSlaveAddress
                0x00000000       0x24 ./Libraries/XMCLib/src/xmc_i2c.o
 .text.XMC_I2C_CH_GetSlaveAddress
                0x00000000       0x1c ./Libraries/XMCLib/src/xmc_i2c.o
 .text.XMC_I2C_CH_SetBaudrate
                0x00000000       0x44 ./Libraries/XMCLib/src/xmc_i2c.o
 .text.XMC_I2C_CH_SetBaudrateEx
                0x00000000       0x54 ./Libraries/XMCLib/src/xmc_i2c.o
 .text.XMC_I2C_CH_Init
                0x00000000       0x38 ./Libraries/XMCLib/src/xmc_i2c.o
 .text.XMC_I2C_CH_MasterStart
                0x00000000       0x44 ./Libraries/XMCLib/src/xmc_i2c.o
 .text.XMC_I2C_CH_MasterRepeatedStart
                0x00000000       0x44 ./Libraries/XMCLib/src/xmc_i2c.o
 .text.XMC_I2C_CH_MasterStop
                0x00000000       0x3a ./Libraries/XMCLib/src/xmc_i2c.o
 .text.XMC_I2C_CH_MasterTransmit
                0x00000000       0x32 ./Libraries/XMCLib/src/xmc_i2c.o
 .text.XMC_I2C_CH_SlaveTransmit
                0x00000000       0x3c ./Libraries/XMCLib/src/xmc_i2c.o
 .text.XMC_I2C_CH_MasterReceiveAck
                0x00000000       0x3a ./Libraries/XMCLib/src/xmc_i2c.o
 .text.XMC_I2C_CH_MasterReceiveNack
                0x00000000       0x3a ./Libraries/XMCLib/src/xmc_i2c.o
 .text.XMC_I2C_CH_GetReceivedData
                0x00000000       0x18 ./Libraries/XMCLib/src/xmc_i2c.o
 .text.XMC_I2C_CH_Stop
                0x00000000       0x16 ./Libraries/XMCLib/src/xmc_i2c.o
 .text.XMC_I2C_CH_EnableEvent
                0x00000000       0x1c ./Libraries/XMCLib/src/xmc_i2c.o
 .text.XMC_I2C_CH_DisableEvent
                0x00000000       0x1c ./Libraries/XMCLib/src/xmc_i2c.o
 .comment       0x00000000       0x71 ./Libraries/XMCLib/src/xmc_i2c.o
 .ARM.attributes
                0x00000000       0x31 ./Libraries/XMCLib/src/xmc_i2c.o
 .text          0x00000000        0x0 ./Libraries/XMCLib/src/xmc_i2s.o
 .data          0x00000000        0x0 ./Libraries/XMCLib/src/xmc_i2s.o
 .bss           0x00000000        0x0 ./Libraries/XMCLib/src/xmc_i2s.o
 .text.XMC_I2S_CH_SetBaudrate
                0x00000000       0x30 ./Libraries/XMCLib/src/xmc_i2s.o
 .text.XMC_I2S_CH_SetBaudrateEx
                0x00000000       0x3a ./Libraries/XMCLib/src/xmc_i2s.o
 .text.XMC_I2S_CH_SetSystemWordLength
                0x00000000       0x88 ./Libraries/XMCLib/src/xmc_i2s.o
 .text.XMC_I2S_CH_Init
                0x00000000       0x74 ./Libraries/XMCLib/src/xmc_i2s.o
 .text.XMC_I2S_CH_Transmit
                0x00000000       0x36 ./Libraries/XMCLib/src/xmc_i2s.o
 .text.XMC_I2S_CH_GetReceivedData
                0x00000000       0x18 ./Libraries/XMCLib/src/xmc_i2s.o
 .text.XMC_I2S_CH_Stop
                0x00000000       0x16 ./Libraries/XMCLib/src/xmc_i2s.o
 .text.XMC_I2S_CH_EnableEvent
                0x00000000       0x20 ./Libraries/XMCLib/src/xmc_i2s.o
 .text.XMC_I2S_CH_DisableEvent
                0x00000000       0x20 ./Libraries/XMCLib/src/xmc_i2s.o
 .comment       0x00000000       0x71 ./Libraries/XMCLib/src/xmc_i2s.o
 .ARM.attributes
                0x00000000       0x31 ./Libraries/XMCLib/src/xmc_i2s.o
 .text          0x00000000        0x0 ./Libraries/XMCLib/src/xmc_ledts.o
 .data          0x00000000        0x0 ./Libraries/XMCLib/src/xmc_ledts.o
 .bss           0x00000000        0x0 ./Libraries/XMCLib/src/xmc_ledts.o
 .comment       0x00000000       0x71 ./Libraries/XMCLib/src/xmc_ledts.o
 .ARM.attributes
                0x00000000       0x31 ./Libraries/XMCLib/src/xmc_ledts.o
 .text          0x00000000        0x0 ./Libraries/XMCLib/src/xmc_math.o
 .data          0x00000000        0x0 ./Libraries/XMCLib/src/xmc_math.o
 .bss           0x00000000        0x0 ./Libraries/XMCLib/src/xmc_math.o
 .comment       0x00000000       0x71 ./Libraries/XMCLib/src/xmc_math.o
 .ARM.attributes
                0x00000000       0x31 ./Libraries/XMCLib/src/xmc_math.o
 .text          0x00000000        0x0 ./Libraries/XMCLib/src/xmc_pau.o
 .data          0x00000000        0x0 ./Libraries/XMCLib/src/xmc_pau.o
 .bss           0x00000000        0x0 ./Libraries/XMCLib/src/xmc_pau.o
 .text.XMC_PAU_EnablePeripheralAccess
                0x00000000       0x18 ./Libraries/XMCLib/src/xmc_pau.o
 .text.XMC_PAU_DisablePeripheralAccess
                0x00000000       0x18 ./Libraries/XMCLib/src/xmc_pau.o
 .text.XMC_PAU_IsPeripheralAccessEnabled
                0x00000000       0x1a ./Libraries/XMCLib/src/xmc_pau.o
 .text.XMC_PAU_IsPeripheralAvailable
                0x00000000       0x1a ./Libraries/XMCLib/src/xmc_pau.o
 .comment       0x00000000       0x71 ./Libraries/XMCLib/src/xmc_pau.o
 .ARM.attributes
                0x00000000       0x31 ./Libraries/XMCLib/src/xmc_pau.o
 .text          0x00000000        0x0 ./Libraries/XMCLib/src/xmc_posif.o
 .data          0x00000000        0x0 ./Libraries/XMCLib/src/xmc_posif.o
 .bss           0x00000000        0x0 ./Libraries/XMCLib/src/xmc_posif.o
 .comment       0x00000000       0x71 ./Libraries/XMCLib/src/xmc_posif.o
 .ARM.attributes
                0x00000000       0x31 ./Libraries/XMCLib/src/xmc_posif.o
 .text          0x00000000        0x0 ./Libraries/XMCLib/src/xmc_prng.o
 .data          0x00000000        0x0 ./Libraries/XMCLib/src/xmc_prng.o
 .bss           0x00000000        0x0 ./Libraries/XMCLib/src/xmc_prng.o
 .text.XMC_PRNG_Init
                0x00000000       0x74 ./Libraries/XMCLib/src/xmc_prng.o
 .comment       0x00000000       0x71 ./Libraries/XMCLib/src/xmc_prng.o
 .ARM.attributes
                0x00000000       0x31 ./Libraries/XMCLib/src/xmc_prng.o
 .text          0x00000000        0x0 ./Libraries/XMCLib/src/xmc_rtc.o
 .data          0x00000000        0x0 ./Libraries/XMCLib/src/xmc_rtc.o
 .bss           0x00000000        0x0 ./Libraries/XMCLib/src/xmc_rtc.o
 .text.XMC_RTC_Start
                0x00000000       0x1c ./Libraries/XMCLib/src/xmc_rtc.o
 .text.XMC_RTC_Stop
                0x00000000       0x1c ./Libraries/XMCLib/src/xmc_rtc.o
 .text.XMC_RTC_SetPrescaler
                0x00000000       0x20 ./Libraries/XMCLib/src/xmc_rtc.o
 .text.XMC_RTC_SetTime
                0x00000000       0x20 ./Libraries/XMCLib/src/xmc_rtc.o
 .text.XMC_RTC_GetTime
                0x00000000       0x10 ./Libraries/XMCLib/src/xmc_rtc.o
 .text.XMC_RTC_SetTimeStdFormat
                0x00000000       0x88 ./Libraries/XMCLib/src/xmc_rtc.o
 .text.XMC_RTC_GetTimeStdFormat
                0x00000000       0x54 ./Libraries/XMCLib/src/xmc_rtc.o
 .text.XMC_RTC_SetAlarm
                0x00000000       0x20 ./Libraries/XMCLib/src/xmc_rtc.o
 .text.XMC_RTC_GetAlarm
                0x00000000       0x10 ./Libraries/XMCLib/src/xmc_rtc.o
 .text.XMC_RTC_SetAlarmStdFormat
                0x00000000       0x74 ./Libraries/XMCLib/src/xmc_rtc.o
 .text.XMC_RTC_GetAlarmStdFormat
                0x00000000       0x50 ./Libraries/XMCLib/src/xmc_rtc.o
 .text.XMC_RTC_GetEventStatus
                0x00000000        0xc ./Libraries/XMCLib/src/xmc_rtc.o
 .comment       0x00000000       0x71 ./Libraries/XMCLib/src/xmc_rtc.o
 .ARM.attributes
                0x00000000       0x31 ./Libraries/XMCLib/src/xmc_rtc.o
 .text          0x00000000        0x0 ./Libraries/XMCLib/src/xmc_spi.o
 .data          0x00000000        0x0 ./Libraries/XMCLib/src/xmc_spi.o
 .bss           0x00000000        0x0 ./Libraries/XMCLib/src/xmc_spi.o
 .text.XMC_SPI_CH_Init
                0x00000000       0x50 ./Libraries/XMCLib/src/xmc_spi.o
 .text.XMC_SPI_CH_SetBaudrate
                0x00000000       0x24 ./Libraries/XMCLib/src/xmc_spi.o
 .text.XMC_SPI_CH_SetBaudrateEx
                0x00000000       0x2a ./Libraries/XMCLib/src/xmc_spi.o
 .text.XMC_SPI_CH_EnableSlaveSelect
                0x00000000       0x14 ./Libraries/XMCLib/src/xmc_spi.o
 .text.XMC_SPI_CH_DisableSlaveSelect
                0x00000000       0x18 ./Libraries/XMCLib/src/xmc_spi.o
 .text.XMC_SPI_CH_Transmit
                0x00000000       0x42 ./Libraries/XMCLib/src/xmc_spi.o
 .text.XMC_SPI_CH_GetReceivedData
                0x00000000       0x18 ./Libraries/XMCLib/src/xmc_spi.o
 .text.XMC_SPI_CH_SetInterwordDelay
                0x00000000       0xc0 ./Libraries/XMCLib/src/xmc_spi.o
 .text.XMC_SPI_CH_Stop
                0x00000000       0x16 ./Libraries/XMCLib/src/xmc_spi.o
 .text.XMC_SPI_CH_EnableEvent
                0x00000000       0x18 ./Libraries/XMCLib/src/xmc_spi.o
 .text.XMC_SPI_CH_DisableEvent
                0x00000000       0x18 ./Libraries/XMCLib/src/xmc_spi.o
 .comment       0x00000000       0x71 ./Libraries/XMCLib/src/xmc_spi.o
 .ARM.attributes
                0x00000000       0x31 ./Libraries/XMCLib/src/xmc_spi.o
 .text          0x00000000        0x0 ./Libraries/XMCLib/src/xmc_uart.o
 .data          0x00000000        0x0 ./Libraries/XMCLib/src/xmc_uart.o
 .bss           0x00000000        0x0 ./Libraries/XMCLib/src/xmc_uart.o
 .text.XMC_UART_CH_Init
                0x00000000       0x80 ./Libraries/XMCLib/src/xmc_uart.o
 .text.XMC_UART_CH_SetBaudrate
                0x00000000       0x2a ./Libraries/XMCLib/src/xmc_uart.o
 .text.XMC_UART_CH_SetBaudrateEx
                0x00000000       0x30 ./Libraries/XMCLib/src/xmc_uart.o
 .text.XMC_UART_CH_Transmit
                0x00000000       0x2e ./Libraries/XMCLib/src/xmc_uart.o
 .text.XMC_UART_CH_GetReceivedData
                0x00000000       0x18 ./Libraries/XMCLib/src/xmc_uart.o
 .text.XMC_UART_CH_Stop
                0x00000000       0x20 ./Libraries/XMCLib/src/xmc_uart.o
 .text.XMC_UART_CH_EnableEvent
                0x00000000       0x18 ./Libraries/XMCLib/src/xmc_uart.o
 .text.XMC_UART_CH_DisableEvent
                0x00000000       0x18 ./Libraries/XMCLib/src/xmc_uart.o
 .comment       0x00000000       0x71 ./Libraries/XMCLib/src/xmc_uart.o
 .ARM.attributes
                0x00000000       0x31 ./Libraries/XMCLib/src/xmc_uart.o
 .text          0x00000000        0x0 ./Libraries/XMCLib/src/xmc_usic.o
 .data          0x00000000        0x0 ./Libraries/XMCLib/src/xmc_usic.o
 .bss           0x00000000        0x0 ./Libraries/XMCLib/src/xmc_usic.o
 .text.XMC_USIC_Enable.part.0
                0x00000000       0x14 ./Libraries/XMCLib/src/xmc_usic.o
 .text.XMC_USIC_CH_Enable
                0x00000000       0x30 ./Libraries/XMCLib/src/xmc_usic.o
 .text.XMC_USIC_CH_Disable
                0x00000000        0xe ./Libraries/XMCLib/src/xmc_usic.o
 .text.XMC_USIC_CH_SetBaudrate
                0x00000000       0x98 ./Libraries/XMCLib/src/xmc_usic.o
 .text.XMC_USIC_CH_SetBaudrateEx
                0x00000000       0xb8 ./Libraries/XMCLib/src/xmc_usic.o
 .text.XMC_USIC_CH_GetBaudrate
                0x00000000       0xae ./Libraries/XMCLib/src/xmc_usic.o
 .text.XMC_USIC_CH_GetSCLKFrequency
                0x00000000       0x82 ./Libraries/XMCLib/src/xmc_usic.o
 .text.XMC_USIC_CH_GetMCLKFrequency
                0x00000000       0x6e ./Libraries/XMCLib/src/xmc_usic.o
 .text.XMC_USIC_CH_ConfigExternalInputSignalToBRG
                0x00000000       0x3c ./Libraries/XMCLib/src/xmc_usic.o
 .text.XMC_USIC_CH_TXFIFO_Configure
                0x00000000       0x28 ./Libraries/XMCLib/src/xmc_usic.o
 .text.XMC_USIC_CH_RXFIFO_Configure
                0x00000000       0x30 ./Libraries/XMCLib/src/xmc_usic.o
 .text.XMC_USIC_CH_TXFIFO_SetSizeTriggerLimit
                0x00000000       0x28 ./Libraries/XMCLib/src/xmc_usic.o
 .text.XMC_USIC_CH_RXFIFO_SetSizeTriggerLimit
                0x00000000       0x28 ./Libraries/XMCLib/src/xmc_usic.o
 .text.XMC_USIC_CH_SetInterruptNodePointer
                0x00000000       0x12 ./Libraries/XMCLib/src/xmc_usic.o
 .text.XMC_USIC_CH_TXFIFO_SetInterruptNodePointer
                0x00000000       0x14 ./Libraries/XMCLib/src/xmc_usic.o
 .text.XMC_USIC_CH_RXFIFO_SetInterruptNodePointer
                0x00000000       0x14 ./Libraries/XMCLib/src/xmc_usic.o
 .text.XMC_USIC_Enable
                0x00000000       0x14 ./Libraries/XMCLib/src/xmc_usic.o
 .text.XMC_USIC_Disable
                0x00000000       0x14 ./Libraries/XMCLib/src/xmc_usic.o
 .comment       0x00000000       0x71 ./Libraries/XMCLib/src/xmc_usic.o
 .ARM.attributes
                0x00000000       0x31 ./Libraries/XMCLib/src/xmc_usic.o
 .text          0x00000000        0x0 ./Libraries/XMCLib/src/xmc_vadc.o
 .data          0x00000000        0x0 ./Libraries/XMCLib/src/xmc_vadc.o
 .bss           0x00000000        0x0 ./Libraries/XMCLib/src/xmc_vadc.o
 .text.XMC_VADC_GLOBAL_DisableModule
                0x00000000        0xa ./Libraries/XMCLib/src/xmc_vadc.o
 .text.XMC_VADC_GLOBAL_SetCompareValue
                0x00000000       0x16 ./Libraries/XMCLib/src/xmc_vadc.o
 .text.XMC_VADC_GLOBAL_GetCompareResult
                0x00000000       0x12 ./Libraries/XMCLib/src/xmc_vadc.o
 .text.XMC_VADC_GLOBAL_BackgroundSetReqSrcEventInterruptNode
                0x00000000       0x18 ./Libraries/XMCLib/src/xmc_vadc.o
 .text.XMC_VADC_GLOBAL_SHS_Init
                0x00000000        0xc ./Libraries/XMCLib/src/xmc_vadc.o
 .text.XMC_VADC_GLOBAL_SHS_SetGainFactor
                0x00000000       0x2a ./Libraries/XMCLib/src/xmc_vadc.o
 .text.XMC_VADC_GLOBAL_SHS_SetSigmaDeltaLoop
                0x00000000       0x20 ./Libraries/XMCLib/src/xmc_vadc.o
 .text.XMC_VADC_GLOBAL_BackgroundSelectTrigger
                0x00000000       0x20 ./Libraries/XMCLib/src/xmc_vadc.o
 .text.XMC_VADC_GLOBAL_BackgroundSelectTriggerEdge
                0x00000000       0x20 ./Libraries/XMCLib/src/xmc_vadc.o
 .text.XMC_VADC_GLOBAL_BackgroundSelectGating
                0x00000000       0x20 ./Libraries/XMCLib/src/xmc_vadc.o
 .text.XMC_VADC_GLOBAL_BackgroundAbortSequence
                0x00000000       0x24 ./Libraries/XMCLib/src/xmc_vadc.o
 .text.XMC_VADC_GLOBAL_BackgroundGetNumChannelsPending
                0x00000000       0x36 ./Libraries/XMCLib/src/xmc_vadc.o
 .comment       0x00000000       0x71 ./Libraries/XMCLib/src/xmc_vadc.o
 .text          0x00000000        0x0 ./Libraries/XMCLib/src/xmc_wdt.o
 .data          0x00000000        0x0 ./Libraries/XMCLib/src/xmc_wdt.o
 .bss           0x00000000        0x0 ./Libraries/XMCLib/src/xmc_wdt.o
 .text.XMC_WDT_Enable
                0x00000000        0xc ./Libraries/XMCLib/src/xmc_wdt.o
 .text.XMC_WDT_Disable
                0x00000000        0xc ./Libraries/XMCLib/src/xmc_wdt.o
 .text.XMC_WDT_Init
                0x00000000       0x1c ./Libraries/XMCLib/src/xmc_wdt.o
 .comment       0x00000000       0x71 ./Libraries/XMCLib/src/xmc_wdt.o
 .ARM.attributes
                0x00000000       0x31 ./Libraries/XMCLib/src/xmc_wdt.o
 .text          0x00000000        0x0 ./Libraries/Newlib/syscalls.o
 .data          0x00000000        0x0 ./Libraries/Newlib/syscalls.o
 .bss           0x00000000        0x0 ./Libraries/Newlib/syscalls.o
 .text._sbrk    0x00000000       0x40 ./Libraries/Newlib/syscalls.o
 .bss.__dso_handle
                0x00000000        0x4 ./Libraries/Newlib/syscalls.o
 .bss.heap_ptr.4331
                0x00000000        0x4 ./Libraries/Newlib/syscalls.o
 .comment       0x00000000       0x71 ./Libraries/Newlib/syscalls.o
 .text          0x00000000        0x0 ./Dave/Generated/GLOBAL_ADC/global_adc.o
 .data          0x00000000        0x0 ./Dave/Generated/GLOBAL_ADC/global_adc.o
 .bss           0x00000000        0x0 ./Dave/Generated/GLOBAL_ADC/global_adc.o
 .text.GLOBAL_ADC_GetAppVersion
                0x00000000        0xc ./Dave/Generated/GLOBAL_ADC/global_adc.o
 .comment       0x00000000       0x71 ./Dave/Generated/GLOBAL_ADC/global_adc.o
 .text          0x00000000        0x0 ./Dave/Generated/GLOBAL_ADC/global_adc_conf.o
 .data          0x00000000        0x0 ./Dave/Generated/GLOBAL_ADC/global_adc_conf.o
 .bss           0x00000000        0x0 ./Dave/Generated/GLOBAL_ADC/global_adc_conf.o
 .comment       0x00000000       0x71 ./Dave/Generated/GLOBAL_ADC/global_adc_conf.o
 .text          0x00000000        0x0 ./Dave/Generated/DIGITAL_IO/digital_io.o
 .data          0x00000000        0x0 ./Dave/Generated/DIGITAL_IO/digital_io.o
 .bss           0x00000000        0x0 ./Dave/Generated/DIGITAL_IO/digital_io.o
 .text.DIGITAL_IO_GetAppVersion
                0x00000000        0xc ./Dave/Generated/DIGITAL_IO/digital_io.o
 .comment       0x00000000       0x71 ./Dave/Generated/DIGITAL_IO/digital_io.o
 .text          0x00000000        0x0 ./Dave/Generated/DIGITAL_IO/digital_io_conf.o
 .data          0x00000000        0x0 ./Dave/Generated/DIGITAL_IO/digital_io_conf.o
 .bss           0x00000000        0x0 ./Dave/Generated/DIGITAL_IO/digital_io_conf.o
 .comment       0x00000000       0x71 ./Dave/Generated/DIGITAL_IO/digital_io_conf.o
 .text          0x00000000        0x0 ./Dave/Generated/CPU_CTRL_XMC1/cpu_ctrl_xmc1.o
 .data          0x00000000        0x0 ./Dave/Generated/CPU_CTRL_XMC1/cpu_ctrl_xmc1.o
 .bss           0x00000000        0x0 ./Dave/Generated/CPU_CTRL_XMC1/cpu_ctrl_xmc1.o
 .text.CPU_CTRL_XMC1_GetAppVersion
                0x00000000        0xc ./Dave/Generated/CPU_CTRL_XMC1/cpu_ctrl_xmc1.o
 .text.CPU_CTRL_XMC1_Init
                0x00000000        0x4 ./Dave/Generated/CPU_CTRL_XMC1/cpu_ctrl_xmc1.o
 .comment       0x00000000       0x71 ./Dave/Generated/CPU_CTRL_XMC1/cpu_ctrl_xmc1.o
 .ARM.attributes
                0x00000000       0x31 ./Dave/Generated/CPU_CTRL_XMC1/cpu_ctrl_xmc1.o
 .text          0x00000000        0x0 ./Dave/Generated/CPU_CTRL_XMC1/cpu_ctrl_xmc1_conf.o
 .data          0x00000000        0x0 ./Dave/Generated/CPU_CTRL_XMC1/cpu_ctrl_xmc1_conf.o
 .bss           0x00000000        0x0 ./Dave/Generated/CPU_CTRL_XMC1/cpu_ctrl_xmc1_conf.o
 .bss.CPU_CTRL_XMC1_0
                0x00000000        0x1 ./Dave/Generated/CPU_CTRL_XMC1/cpu_ctrl_xmc1_conf.o
 .comment       0x00000000       0x71 ./Dave/Generated/CPU_CTRL_XMC1/cpu_ctrl_xmc1_conf.o
 .text          0x00000000        0x0 ./Dave/Generated/CLOCK_XMC1/clock_xmc1.o
 .data          0x00000000        0x0 ./Dave/Generated/CLOCK_XMC1/clock_xmc1.o
 .bss           0x00000000        0x0 ./Dave/Generated/CLOCK_XMC1/clock_xmc1.o
 .text.CLOCK_XMC1_GetAppVersion
                0x00000000        0xc ./Dave/Generated/CLOCK_XMC1/clock_xmc1.o
 .text.CLOCK_XMC1_SetMCLKFrequency
                0x00000000        0x8 ./Dave/Generated/CLOCK_XMC1/clock_xmc1.o
 .comment       0x00000000       0x71 ./Dave/Generated/CLOCK_XMC1/clock_xmc1.o
 .text          0x00000000        0x0 ./Dave/Generated/CLOCK_XMC1/clock_xmc1_conf.o
 .data          0x00000000        0x0 ./Dave/Generated/CLOCK_XMC1/clock_xmc1_conf.o
 .bss           0x00000000        0x0 ./Dave/Generated/CLOCK_XMC1/clock_xmc1_conf.o
 .comment       0x00000000       0x71 ./Dave/Generated/CLOCK_XMC1/clock_xmc1_conf.o
 .text          0x00000000        0x0 ./Dave/Generated/ADC_MEASUREMENT/adc_measurement.o
 .data          0x00000000        0x0 ./Dave/Generated/ADC_MEASUREMENT/adc_measurement.o
 .bss           0x00000000        0x0 ./Dave/Generated/ADC_MEASUREMENT/adc_measurement.o
 .text.ADC_MEASUREMENT_GetAppVersion
                0x00000000        0xc ./Dave/Generated/ADC_MEASUREMENT/adc_measurement.o
 .text.ADC_MEASUREMENT_GetResult
                0x00000000       0x10 ./Dave/Generated/ADC_MEASUREMENT/adc_measurement.o
 .text.ADC_MEASUREMENT_GetDetailedResult
                0x00000000       0x10 ./Dave/Generated/ADC_MEASUREMENT/adc_measurement.o
 .comment       0x00000000       0x71 ./Dave/Generated/ADC_MEASUREMENT/adc_measurement.o
 .text          0x00000000        0x0 ./Dave/Generated/ADC_MEASUREMENT/adc_measurement_conf.o
 .data          0x00000000        0x0 ./Dave/Generated/ADC_MEASUREMENT/adc_measurement_conf.o
 .bss           0x00000000        0x0 ./Dave/Generated/ADC_MEASUREMENT/adc_measurement_conf.o
 .comment       0x00000000       0x71 ./Dave/Generated/ADC_MEASUREMENT/adc_measurement_conf.o
 .text          0x00000000        0x0 ./Dave/Generated/DAVE.o
 .data          0x00000000        0x0 ./Dave/Generated/DAVE.o
 .bss           0x00000000        0x0 ./Dave/Generated/DAVE.o
 .comment       0x00000000       0x71 ./Dave/Generated/DAVE.o
 .text          0x00000000        0x0 ./main.o
 .data          0x00000000        0x0 ./main.o
 .bss           0x00000000        0x0 ./main.o
 .text.delay    0x00000000        0x2 ./main.o
 .comment       0x00000000       0x71 ./main.o
 .data          0x00000000        0x0 d:/blueaxis/downloads/compressed/dave infineon/dave_4-4-2_32bit_2018-02-23/dave-ide-4.4.2-32bit/eclipse/arm-gcc-49/bin/../lib/gcc/arm-none-eabi/4.9.3/armv6-m\libgcc.a(_udivsi3.o)
 .bss           0x00000000        0x0 d:/blueaxis/downloads/compressed/dave infineon/dave_4-4-2_32bit_2018-02-23/dave-ide-4.4.2-32bit/eclipse/arm-gcc-49/bin/../lib/gcc/arm-none-eabi/4.9.3/armv6-m\libgcc.a(_udivsi3.o)
 .text          0x00000000      0x1e0 d:/blueaxis/downloads/compressed/dave infineon/dave_4-4-2_32bit_2018-02-23/dave-ide-4.4.2-32bit/eclipse/arm-gcc-49/bin/../lib/gcc/arm-none-eabi/4.9.3/armv6-m\libgcc.a(_divsi3.o)
 .data          0x00000000        0x0 d:/blueaxis/downloads/compressed/dave infineon/dave_4-4-2_32bit_2018-02-23/dave-ide-4.4.2-32bit/eclipse/arm-gcc-49/bin/../lib/gcc/arm-none-eabi/4.9.3/armv6-m\libgcc.a(_divsi3.o)
 .bss           0x00000000        0x0 d:/blueaxis/downloads/compressed/dave infineon/dave_4-4-2_32bit_2018-02-23/dave-ide-4.4.2-32bit/eclipse/arm-gcc-49/bin/../lib/gcc/arm-none-eabi/4.9.3/armv6-m\libgcc.a(_divsi3.o)
 .debug_frame   0x00000000       0x20 d:/blueaxis/downloads/compressed/dave infineon/dave_4-4-2_32bit_2018-02-23/dave-ide-4.4.2-32bit/eclipse/arm-gcc-49/bin/../lib/gcc/arm-none-eabi/4.9.3/armv6-m\libgcc.a(_divsi3.o)
 .ARM.attributes
                0x00000000       0x1e d:/blueaxis/downloads/compressed/dave infineon/dave_4-4-2_32bit_2018-02-23/dave-ide-4.4.2-32bit/eclipse/arm-gcc-49/bin/../lib/gcc/arm-none-eabi/4.9.3/armv6-m\libgcc.a(_divsi3.o)
 .data          0x00000000        0x0 d:/blueaxis/downloads/compressed/dave infineon/dave_4-4-2_32bit_2018-02-23/dave-ide-4.4.2-32bit/eclipse/arm-gcc-49/bin/../lib/gcc/arm-none-eabi/4.9.3/armv6-m\libgcc.a(_dvmd_tls.o)
 .bss           0x00000000        0x0 d:/blueaxis/downloads/compressed/dave infineon/dave_4-4-2_32bit_2018-02-23/dave-ide-4.4.2-32bit/eclipse/arm-gcc-49/bin/../lib/gcc/arm-none-eabi/4.9.3/armv6-m\libgcc.a(_dvmd_tls.o)
 .text          0x00000000       0x30 d:/blueaxis/downloads/compressed/dave infineon/dave_4-4-2_32bit_2018-02-23/dave-ide-4.4.2-32bit/eclipse/arm-gcc-49/bin/../lib/gcc/arm-none-eabi/4.9.3/armv6-m\libgcc.a(_fixunssfsi.o)
 .data          0x00000000        0x0 d:/blueaxis/downloads/compressed/dave infineon/dave_4-4-2_32bit_2018-02-23/dave-ide-4.4.2-32bit/eclipse/arm-gcc-49/bin/../lib/gcc/arm-none-eabi/4.9.3/armv6-m\libgcc.a(_fixunssfsi.o)
 .bss           0x00000000        0x0 d:/blueaxis/downloads/compressed/dave infineon/dave_4-4-2_32bit_2018-02-23/dave-ide-4.4.2-32bit/eclipse/arm-gcc-49/bin/../lib/gcc/arm-none-eabi/4.9.3/armv6-m\libgcc.a(_fixunssfsi.o)
 .debug_frame   0x00000000       0x28 d:/blueaxis/downloads/compressed/dave infineon/dave_4-4-2_32bit_2018-02-23/dave-ide-4.4.2-32bit/eclipse/arm-gcc-49/bin/../lib/gcc/arm-none-eabi/4.9.3/armv6-m\libgcc.a(_fixunssfsi.o)
 .ARM.attributes
                0x00000000       0x2c d:/blueaxis/downloads/compressed/dave infineon/dave_4-4-2_32bit_2018-02-23/dave-ide-4.4.2-32bit/eclipse/arm-gcc-49/bin/../lib/gcc/arm-none-eabi/4.9.3/armv6-m\libgcc.a(_fixunssfsi.o)
 .text          0x00000000      0x270 d:/blueaxis/downloads/compressed/dave infineon/dave_4-4-2_32bit_2018-02-23/dave-ide-4.4.2-32bit/eclipse/arm-gcc-49/bin/../lib/gcc/arm-none-eabi/4.9.3/armv6-m\libgcc.a(divsf3.o)
 .data          0x00000000        0x0 d:/blueaxis/downloads/compressed/dave infineon/dave_4-4-2_32bit_2018-02-23/dave-ide-4.4.2-32bit/eclipse/arm-gcc-49/bin/../lib/gcc/arm-none-eabi/4.9.3/armv6-m\libgcc.a(divsf3.o)
 .bss           0x00000000        0x0 d:/blueaxis/downloads/compressed/dave infineon/dave_4-4-2_32bit_2018-02-23/dave-ide-4.4.2-32bit/eclipse/arm-gcc-49/bin/../lib/gcc/arm-none-eabi/4.9.3/armv6-m\libgcc.a(divsf3.o)
 .rodata        0x00000000       0x80 d:/blueaxis/downloads/compressed/dave infineon/dave_4-4-2_32bit_2018-02-23/dave-ide-4.4.2-32bit/eclipse/arm-gcc-49/bin/../lib/gcc/arm-none-eabi/4.9.3/armv6-m\libgcc.a(divsf3.o)
 .debug_frame   0x00000000       0x3c d:/blueaxis/downloads/compressed/dave infineon/dave_4-4-2_32bit_2018-02-23/dave-ide-4.4.2-32bit/eclipse/arm-gcc-49/bin/../lib/gcc/arm-none-eabi/4.9.3/armv6-m\libgcc.a(divsf3.o)
 .ARM.attributes
                0x00000000       0x2c d:/blueaxis/downloads/compressed/dave infineon/dave_4-4-2_32bit_2018-02-23/dave-ide-4.4.2-32bit/eclipse/arm-gcc-49/bin/../lib/gcc/arm-none-eabi/4.9.3/armv6-m\libgcc.a(divsf3.o)
 .text          0x00000000      0x264 d:/blueaxis/downloads/compressed/dave infineon/dave_4-4-2_32bit_2018-02-23/dave-ide-4.4.2-32bit/eclipse/arm-gcc-49/bin/../lib/gcc/arm-none-eabi/4.9.3/armv6-m\libgcc.a(mulsf3.o)
 .data          0x00000000        0x0 d:/blueaxis/downloads/compressed/dave infineon/dave_4-4-2_32bit_2018-02-23/dave-ide-4.4.2-32bit/eclipse/arm-gcc-49/bin/../lib/gcc/arm-none-eabi/4.9.3/armv6-m\libgcc.a(mulsf3.o)
 .bss           0x00000000        0x0 d:/blueaxis/downloads/compressed/dave infineon/dave_4-4-2_32bit_2018-02-23/dave-ide-4.4.2-32bit/eclipse/arm-gcc-49/bin/../lib/gcc/arm-none-eabi/4.9.3/armv6-m\libgcc.a(mulsf3.o)
 .rodata        0x00000000       0x40 d:/blueaxis/downloads/compressed/dave infineon/dave_4-4-2_32bit_2018-02-23/dave-ide-4.4.2-32bit/eclipse/arm-gcc-49/bin/../lib/gcc/arm-none-eabi/4.9.3/armv6-m\libgcc.a(mulsf3.o)
 .debug_frame   0x00000000       0x3c d:/blueaxis/downloads/compressed/dave infineon/dave_4-4-2_32bit_2018-02-23/dave-ide-4.4.2-32bit/eclipse/arm-gcc-49/bin/../lib/gcc/arm-none-eabi/4.9.3/armv6-m\libgcc.a(mulsf3.o)
 .ARM.attributes
                0x00000000       0x2c d:/blueaxis/downloads/compressed/dave infineon/dave_4-4-2_32bit_2018-02-23/dave-ide-4.4.2-32bit/eclipse/arm-gcc-49/bin/../lib/gcc/arm-none-eabi/4.9.3/armv6-m\libgcc.a(mulsf3.o)
 .text          0x00000000      0x2fc d:/blueaxis/downloads/compressed/dave infineon/dave_4-4-2_32bit_2018-02-23/dave-ide-4.4.2-32bit/eclipse/arm-gcc-49/bin/../lib/gcc/arm-none-eabi/4.9.3/armv6-m\libgcc.a(subsf3.o)
 .data          0x00000000        0x0 d:/blueaxis/downloads/compressed/dave infineon/dave_4-4-2_32bit_2018-02-23/dave-ide-4.4.2-32bit/eclipse/arm-gcc-49/bin/../lib/gcc/arm-none-eabi/4.9.3/armv6-m\libgcc.a(subsf3.o)
 .bss           0x00000000        0x0 d:/blueaxis/downloads/compressed/dave infineon/dave_4-4-2_32bit_2018-02-23/dave-ide-4.4.2-32bit/eclipse/arm-gcc-49/bin/../lib/gcc/arm-none-eabi/4.9.3/armv6-m\libgcc.a(subsf3.o)
 .debug_frame   0x00000000       0x30 d:/blueaxis/downloads/compressed/dave infineon/dave_4-4-2_32bit_2018-02-23/dave-ide-4.4.2-32bit/eclipse/arm-gcc-49/bin/../lib/gcc/arm-none-eabi/4.9.3/armv6-m\libgcc.a(subsf3.o)
 .ARM.attributes
                0x00000000       0x2c d:/blueaxis/downloads/compressed/dave infineon/dave_4-4-2_32bit_2018-02-23/dave-ide-4.4.2-32bit/eclipse/arm-gcc-49/bin/../lib/gcc/arm-none-eabi/4.9.3/armv6-m\libgcc.a(subsf3.o)
 .text          0x00000000       0x40 d:/blueaxis/downloads/compressed/dave infineon/dave_4-4-2_32bit_2018-02-23/dave-ide-4.4.2-32bit/eclipse/arm-gcc-49/bin/../lib/gcc/arm-none-eabi/4.9.3/armv6-m\libgcc.a(fixsfsi.o)
 .data          0x00000000        0x0 d:/blueaxis/downloads/compressed/dave infineon/dave_4-4-2_32bit_2018-02-23/dave-ide-4.4.2-32bit/eclipse/arm-gcc-49/bin/../lib/gcc/arm-none-eabi/4.9.3/armv6-m\libgcc.a(fixsfsi.o)
 .bss           0x00000000        0x0 d:/blueaxis/downloads/compressed/dave infineon/dave_4-4-2_32bit_2018-02-23/dave-ide-4.4.2-32bit/eclipse/arm-gcc-49/bin/../lib/gcc/arm-none-eabi/4.9.3/armv6-m\libgcc.a(fixsfsi.o)
 .debug_frame   0x00000000       0x20 d:/blueaxis/downloads/compressed/dave infineon/dave_4-4-2_32bit_2018-02-23/dave-ide-4.4.2-32bit/eclipse/arm-gcc-49/bin/../lib/gcc/arm-none-eabi/4.9.3/armv6-m\libgcc.a(fixsfsi.o)
 .ARM.attributes
                0x00000000       0x2c d:/blueaxis/downloads/compressed/dave infineon/dave_4-4-2_32bit_2018-02-23/dave-ide-4.4.2-32bit/eclipse/arm-gcc-49/bin/../lib/gcc/arm-none-eabi/4.9.3/armv6-m\libgcc.a(fixsfsi.o)
 .text          0x00000000       0x90 d:/blueaxis/downloads/compressed/dave infineon/dave_4-4-2_32bit_2018-02-23/dave-ide-4.4.2-32bit/eclipse/arm-gcc-49/bin/../lib/gcc/arm-none-eabi/4.9.3/armv6-m\libgcc.a(floatunsisf.o)
 .data          0x00000000        0x0 d:/blueaxis/downloads/compressed/dave infineon/dave_4-4-2_32bit_2018-02-23/dave-ide-4.4.2-32bit/eclipse/arm-gcc-49/bin/../lib/gcc/arm-none-eabi/4.9.3/armv6-m\libgcc.a(floatunsisf.o)
 .bss           0x00000000        0x0 d:/blueaxis/downloads/compressed/dave infineon/dave_4-4-2_32bit_2018-02-23/dave-ide-4.4.2-32bit/eclipse/arm-gcc-49/bin/../lib/gcc/arm-none-eabi/4.9.3/armv6-m\libgcc.a(floatunsisf.o)
 .debug_frame   0x00000000       0x28 d:/blueaxis/downloads/compressed/dave infineon/dave_4-4-2_32bit_2018-02-23/dave-ide-4.4.2-32bit/eclipse/arm-gcc-49/bin/../lib/gcc/arm-none-eabi/4.9.3/armv6-m\libgcc.a(floatunsisf.o)
 .ARM.attributes
                0x00000000       0x2c d:/blueaxis/downloads/compressed/dave infineon/dave_4-4-2_32bit_2018-02-23/dave-ide-4.4.2-32bit/eclipse/arm-gcc-49/bin/../lib/gcc/arm-none-eabi/4.9.3/armv6-m\libgcc.a(floatunsisf.o)
 .text          0x00000000       0x74 d:/blueaxis/downloads/compressed/dave infineon/dave_4-4-2_32bit_2018-02-23/dave-ide-4.4.2-32bit/eclipse/arm-gcc-49/bin/../lib/gcc/arm-none-eabi/4.9.3/armv6-m\libgcc.a(_arm_cmpsf2.o)
 .data          0x00000000        0x0 d:/blueaxis/downloads/compressed/dave infineon/dave_4-4-2_32bit_2018-02-23/dave-ide-4.4.2-32bit/eclipse/arm-gcc-49/bin/../lib/gcc/arm-none-eabi/4.9.3/armv6-m\libgcc.a(_arm_cmpsf2.o)
 .bss           0x00000000        0x0 d:/blueaxis/downloads/compressed/dave infineon/dave_4-4-2_32bit_2018-02-23/dave-ide-4.4.2-32bit/eclipse/arm-gcc-49/bin/../lib/gcc/arm-none-eabi/4.9.3/armv6-m\libgcc.a(_arm_cmpsf2.o)
 .ARM.attributes
                0x00000000       0x1e d:/blueaxis/downloads/compressed/dave infineon/dave_4-4-2_32bit_2018-02-23/dave-ide-4.4.2-32bit/eclipse/arm-gcc-49/bin/../lib/gcc/arm-none-eabi/4.9.3/armv6-m\libgcc.a(_arm_cmpsf2.o)
 .text          0x00000000       0x3c d:/blueaxis/downloads/compressed/dave infineon/dave_4-4-2_32bit_2018-02-23/dave-ide-4.4.2-32bit/eclipse/arm-gcc-49/bin/../lib/gcc/arm-none-eabi/4.9.3/armv6-m\libgcc.a(_clzsi2.o)
 .data          0x00000000        0x0 d:/blueaxis/downloads/compressed/dave infineon/dave_4-4-2_32bit_2018-02-23/dave-ide-4.4.2-32bit/eclipse/arm-gcc-49/bin/../lib/gcc/arm-none-eabi/4.9.3/armv6-m\libgcc.a(_clzsi2.o)
 .bss           0x00000000        0x0 d:/blueaxis/downloads/compressed/dave infineon/dave_4-4-2_32bit_2018-02-23/dave-ide-4.4.2-32bit/eclipse/arm-gcc-49/bin/../lib/gcc/arm-none-eabi/4.9.3/armv6-m\libgcc.a(_clzsi2.o)
 .ARM.attributes
                0x00000000       0x1e d:/blueaxis/downloads/compressed/dave infineon/dave_4-4-2_32bit_2018-02-23/dave-ide-4.4.2-32bit/eclipse/arm-gcc-49/bin/../lib/gcc/arm-none-eabi/4.9.3/armv6-m\libgcc.a(_clzsi2.o)
 .text          0x00000000       0x54 d:/blueaxis/downloads/compressed/dave infineon/dave_4-4-2_32bit_2018-02-23/dave-ide-4.4.2-32bit/eclipse/arm-gcc-49/bin/../lib/gcc/arm-none-eabi/4.9.3/armv6-m\libgcc.a(eqsf2.o)
 .data          0x00000000        0x0 d:/blueaxis/downloads/compressed/dave infineon/dave_4-4-2_32bit_2018-02-23/dave-ide-4.4.2-32bit/eclipse/arm-gcc-49/bin/../lib/gcc/arm-none-eabi/4.9.3/armv6-m\libgcc.a(eqsf2.o)
 .bss           0x00000000        0x0 d:/blueaxis/downloads/compressed/dave infineon/dave_4-4-2_32bit_2018-02-23/dave-ide-4.4.2-32bit/eclipse/arm-gcc-49/bin/../lib/gcc/arm-none-eabi/4.9.3/armv6-m\libgcc.a(eqsf2.o)
 .debug_frame   0x00000000       0x2c d:/blueaxis/downloads/compressed/dave infineon/dave_4-4-2_32bit_2018-02-23/dave-ide-4.4.2-32bit/eclipse/arm-gcc-49/bin/../lib/gcc/arm-none-eabi/4.9.3/armv6-m\libgcc.a(eqsf2.o)
 .ARM.attributes
                0x00000000       0x2c d:/blueaxis/downloads/compressed/dave infineon/dave_4-4-2_32bit_2018-02-23/dave-ide-4.4.2-32bit/eclipse/arm-gcc-49/bin/../lib/gcc/arm-none-eabi/4.9.3/armv6-m\libgcc.a(eqsf2.o)
 .text          0x00000000       0x94 d:/blueaxis/downloads/compressed/dave infineon/dave_4-4-2_32bit_2018-02-23/dave-ide-4.4.2-32bit/eclipse/arm-gcc-49/bin/../lib/gcc/arm-none-eabi/4.9.3/armv6-m\libgcc.a(gesf2.o)
 .data          0x00000000        0x0 d:/blueaxis/downloads/compressed/dave infineon/dave_4-4-2_32bit_2018-02-23/dave-ide-4.4.2-32bit/eclipse/arm-gcc-49/bin/../lib/gcc/arm-none-eabi/4.9.3/armv6-m\libgcc.a(gesf2.o)
 .bss           0x00000000        0x0 d:/blueaxis/downloads/compressed/dave infineon/dave_4-4-2_32bit_2018-02-23/dave-ide-4.4.2-32bit/eclipse/arm-gcc-49/bin/../lib/gcc/arm-none-eabi/4.9.3/armv6-m\libgcc.a(gesf2.o)
 .debug_frame   0x00000000       0x30 d:/blueaxis/downloads/compressed/dave infineon/dave_4-4-2_32bit_2018-02-23/dave-ide-4.4.2-32bit/eclipse/arm-gcc-49/bin/../lib/gcc/arm-none-eabi/4.9.3/armv6-m\libgcc.a(gesf2.o)
 .ARM.attributes
                0x00000000       0x2c d:/blueaxis/downloads/compressed/dave infineon/dave_4-4-2_32bit_2018-02-23/dave-ide-4.4.2-32bit/eclipse/arm-gcc-49/bin/../lib/gcc/arm-none-eabi/4.9.3/armv6-m\libgcc.a(gesf2.o)
 .text          0x00000000       0x8c d:/blueaxis/downloads/compressed/dave infineon/dave_4-4-2_32bit_2018-02-23/dave-ide-4.4.2-32bit/eclipse/arm-gcc-49/bin/../lib/gcc/arm-none-eabi/4.9.3/armv6-m\libgcc.a(lesf2.o)
 .data          0x00000000        0x0 d:/blueaxis/downloads/compressed/dave infineon/dave_4-4-2_32bit_2018-02-23/dave-ide-4.4.2-32bit/eclipse/arm-gcc-49/bin/../lib/gcc/arm-none-eabi/4.9.3/armv6-m\libgcc.a(lesf2.o)
 .bss           0x00000000        0x0 d:/blueaxis/downloads/compressed/dave infineon/dave_4-4-2_32bit_2018-02-23/dave-ide-4.4.2-32bit/eclipse/arm-gcc-49/bin/../lib/gcc/arm-none-eabi/4.9.3/armv6-m\libgcc.a(lesf2.o)
 .debug_frame   0x00000000       0x30 d:/blueaxis/downloads/compressed/dave infineon/dave_4-4-2_32bit_2018-02-23/dave-ide-4.4.2-32bit/eclipse/arm-gcc-49/bin/../lib/gcc/arm-none-eabi/4.9.3/armv6-m\libgcc.a(lesf2.o)
 .ARM.attributes
                0x00000000       0x2c d:/blueaxis/downloads/compressed/dave infineon/dave_4-4-2_32bit_2018-02-23/dave-ide-4.4.2-32bit/eclipse/arm-gcc-49/bin/../lib/gcc/arm-none-eabi/4.9.3/armv6-m\libgcc.a(lesf2.o)
 .text          0x00000000        0x0 d:/blueaxis/downloads/compressed/dave infineon/dave_4-4-2_32bit_2018-02-23/dave-ide-4.4.2-32bit/eclipse/arm-gcc-49/bin/../lib/gcc/arm-none-eabi/4.9.3/../../../../arm-none-eabi/lib/armv6-m\libc_nano.a(lib_a-errno.o)
 .data          0x00000000        0x0 d:/blueaxis/downloads/compressed/dave infineon/dave_4-4-2_32bit_2018-02-23/dave-ide-4.4.2-32bit/eclipse/arm-gcc-49/bin/../lib/gcc/arm-none-eabi/4.9.3/../../../../arm-none-eabi/lib/armv6-m\libc_nano.a(lib_a-errno.o)
 .bss           0x00000000        0x0 d:/blueaxis/downloads/compressed/dave infineon/dave_4-4-2_32bit_2018-02-23/dave-ide-4.4.2-32bit/eclipse/arm-gcc-49/bin/../lib/gcc/arm-none-eabi/4.9.3/../../../../arm-none-eabi/lib/armv6-m\libc_nano.a(lib_a-errno.o)
 .text.__errno  0x00000000        0xc d:/blueaxis/downloads/compressed/dave infineon/dave_4-4-2_32bit_2018-02-23/dave-ide-4.4.2-32bit/eclipse/arm-gcc-49/bin/../lib/gcc/arm-none-eabi/4.9.3/../../../../arm-none-eabi/lib/armv6-m\libc_nano.a(lib_a-errno.o)
 .debug_frame   0x00000000       0x20 d:/blueaxis/downloads/compressed/dave infineon/dave_4-4-2_32bit_2018-02-23/dave-ide-4.4.2-32bit/eclipse/arm-gcc-49/bin/../lib/gcc/arm-none-eabi/4.9.3/../../../../arm-none-eabi/lib/armv6-m\libc_nano.a(lib_a-errno.o)
 .ARM.attributes
                0x00000000       0x2c d:/blueaxis/downloads/compressed/dave infineon/dave_4-4-2_32bit_2018-02-23/dave-ide-4.4.2-32bit/eclipse/arm-gcc-49/bin/../lib/gcc/arm-none-eabi/4.9.3/../../../../arm-none-eabi/lib/armv6-m\libc_nano.a(lib_a-errno.o)
 .text          0x00000000        0x0 d:/blueaxis/downloads/compressed/dave infineon/dave_4-4-2_32bit_2018-02-23/dave-ide-4.4.2-32bit/eclipse/arm-gcc-49/bin/../lib/gcc/arm-none-eabi/4.9.3/../../../../arm-none-eabi/lib/armv6-m\libc_nano.a(lib_a-impure.o)
 .data          0x00000000        0x0 d:/blueaxis/downloads/compressed/dave infineon/dave_4-4-2_32bit_2018-02-23/dave-ide-4.4.2-32bit/eclipse/arm-gcc-49/bin/../lib/gcc/arm-none-eabi/4.9.3/../../../../arm-none-eabi/lib/armv6-m\libc_nano.a(lib_a-impure.o)
 .bss           0x00000000        0x0 d:/blueaxis/downloads/compressed/dave infineon/dave_4-4-2_32bit_2018-02-23/dave-ide-4.4.2-32bit/eclipse/arm-gcc-49/bin/../lib/gcc/arm-none-eabi/4.9.3/../../../../arm-none-eabi/lib/armv6-m\libc_nano.a(lib_a-impure.o)
 .data.impure_data
                0x00000000       0x60 d:/blueaxis/downloads/compressed/dave infineon/dave_4-4-2_32bit_2018-02-23/dave-ide-4.4.2-32bit/eclipse/arm-gcc-49/bin/../lib/gcc/arm-none-eabi/4.9.3/../../../../arm-none-eabi/lib/armv6-m\libc_nano.a(lib_a-impure.o)
 .data._impure_ptr
                0x00000000        0x4 d:/blueaxis/downloads/compressed/dave infineon/dave_4-4-2_32bit_2018-02-23/dave-ide-4.4.2-32bit/eclipse/arm-gcc-49/bin/../lib/gcc/arm-none-eabi/4.9.3/../../../../arm-none-eabi/lib/armv6-m\libc_nano.a(lib_a-impure.o)
 .rodata.str1.1
                0x00000000        0x2 d:/blueaxis/downloads/compressed/dave infineon/dave_4-4-2_32bit_2018-02-23/dave-ide-4.4.2-32bit/eclipse/arm-gcc-49/bin/../lib/gcc/arm-none-eabi/4.9.3/../../../../arm-none-eabi/lib/armv6-m\libc_nano.a(lib_a-impure.o)
 .rodata._global_impure_ptr
                0x00000000        0x4 d:/blueaxis/downloads/compressed/dave infineon/dave_4-4-2_32bit_2018-02-23/dave-ide-4.4.2-32bit/eclipse/arm-gcc-49/bin/../lib/gcc/arm-none-eabi/4.9.3/../../../../arm-none-eabi/lib/armv6-m\libc_nano.a(lib_a-impure.o)
 .ARM.attributes
                0x00000000       0x2c d:/blueaxis/downloads/compressed/dave infineon/dave_4-4-2_32bit_2018-02-23/dave-ide-4.4.2-32bit/eclipse/arm-gcc-49/bin/../lib/gcc/arm-none-eabi/4.9.3/../../../../arm-none-eabi/lib/armv6-m\libc_nano.a(lib_a-impure.o)
 .text          0x00000000        0x0 d:/blueaxis/downloads/compressed/dave infineon/dave_4-4-2_32bit_2018-02-23/dave-ide-4.4.2-32bit/eclipse/arm-gcc-49/bin/../lib/gcc/arm-none-eabi/4.9.3/../../../../arm-none-eabi/lib/armv6-m\libc_nano.a(lib_a-init.o)
 .data          0x00000000        0x0 d:/blueaxis/downloads/compressed/dave infineon/dave_4-4-2_32bit_2018-02-23/dave-ide-4.4.2-32bit/eclipse/arm-gcc-49/bin/../lib/gcc/arm-none-eabi/4.9.3/../../../../arm-none-eabi/lib/armv6-m\libc_nano.a(lib_a-init.o)
 .bss           0x00000000        0x0 d:/blueaxis/downloads/compressed/dave infineon/dave_4-4-2_32bit_2018-02-23/dave-ide-4.4.2-32bit/eclipse/arm-gcc-49/bin/../lib/gcc/arm-none-eabi/4.9.3/../../../../arm-none-eabi/lib/armv6-m\libc_nano.a(lib_a-init.o)

Memory Configuration

Name             Origin             Length             Attributes
FLASH            0x10001000         0x00010000         xr
SRAM             0x20000000         0x00004000         !xr
*default*        0x00000000         0xffffffff

Linker script and memory map

LOAD ./Startup/startup_XMC1100.o
LOAD ./Startup/system_XMC1100.o
LOAD ./Libraries/XMCLib/src/xmc1_eru.o
LOAD ./Libraries/XMCLib/src/xmc1_flash.o
LOAD ./Libraries/XMCLib/src/xmc1_gpio.o
LOAD ./Libraries/XMCLib/src/xmc1_rtc.o
LOAD ./Libraries/XMCLib/src/xmc1_scu.o
LOAD ./Libraries/XMCLib/src/xmc_acmp.o
LOAD ./Libraries/XMCLib/src/xmc_bccu.o
LOAD ./Libraries/XMCLib/src/xmc_can.o
LOAD ./Libraries/XMCLib/src/xmc_ccu4.o
LOAD ./Libraries/XMCLib/src/xmc_ccu8.o
LOAD ./Libraries/XMCLib/src/xmc_common.o
LOAD ./Libraries/XMCLib/src/xmc_eru.o
LOAD ./Libraries/XMCLib/src/xmc_gpio.o
LOAD ./Libraries/XMCLib/src/xmc_i2c.o
LOAD ./Libraries/XMCLib/src/xmc_i2s.o
LOAD ./Libraries/XMCLib/src/xmc_ledts.o
LOAD ./Libraries/XMCLib/src/xmc_math.o
LOAD ./Libraries/XMCLib/src/xmc_pau.o
LOAD ./Libraries/XMCLib/src/xmc_posif.o
LOAD ./Libraries/XMCLib/src/xmc_prng.o
LOAD ./Libraries/XMCLib/src/xmc_rtc.o
LOAD ./Libraries/XMCLib/src/xmc_spi.o
LOAD ./Libraries/XMCLib/src/xmc_uart.o
LOAD ./Libraries/XMCLib/src/xmc_usic.o
LOAD ./Libraries/XMCLib/src/xmc_vadc.o
LOAD ./Libraries/XMCLib/src/xmc_wdt.o
LOAD ./Libraries/Newlib/syscalls.o
LOAD ./Dave/Generated/GLOBAL_ADC/global_adc.o
LOAD ./Dave/Generated/GLOBAL_ADC/global_adc_conf.o
LOAD ./Dave/Generated/DIGITAL_IO/digital_io.o
LOAD ./Dave/Generated/DIGITAL_IO/digital_io_conf.o
LOAD ./Dave/Generated/CPU_CTRL_XMC1/cpu_ctrl_xmc1.o
LOAD ./Dave/Generated/CPU_CTRL_XMC1/cpu_ctrl_xmc1_conf.o
LOAD ./Dave/Generated/CLOCK_XMC1/clock_xmc1.o
LOAD ./Dave/Generated/CLOCK_XMC1/clock_xmc1_conf.o
LOAD ./Dave/Generated/ADC_MEASUREMENT/adc_measurement.o
LOAD ./Dave/Generated/ADC_MEASUREMENT/adc_measurement_conf.o
LOAD ./Dave/Generated/DAVE.o
LOAD ./main.o
LOAD d:/blueaxis/downloads/compressed/dave infineon/dave_4-4-2_32bit_2018-02-23/dave-ide-4.4.2-32bit/eclipse/arm-gcc-49/bin/../lib/gcc/arm-none-eabi/4.9.3/../../../../arm-none-eabi/lib/armv6-m\libm.a
START GROUP
LOAD d:/blueaxis/downloads/compressed/dave infineon/dave_4-4-2_32bit_2018-02-23/dave-ide-4.4.2-32bit/eclipse/arm-gcc-49/bin/../lib/gcc/arm-none-eabi/4.9.3/armv6-m\libgcc.a
LOAD d:/blueaxis/downloads/compressed/dave infineon/dave_4-4-2_32bit_2018-02-23/dave-ide-4.4.2-32bit/eclipse/arm-gcc-49/bin/../lib/gcc/arm-none-eabi/4.9.3/../../../../arm-none-eabi/lib/armv6-m\libc_nano.a
END GROUP
START GROUP
LOAD d:/blueaxis/downloads/compressed/dave infineon/dave_4-4-2_32bit_2018-02-23/dave-ide-4.4.2-32bit/eclipse/arm-gcc-49/bin/../lib/gcc/arm-none-eabi/4.9.3/armv6-m\libgcc.a
LOAD d:/blueaxis/downloads/compressed/dave infineon/dave_4-4-2_32bit_2018-02-23/dave-ide-4.4.2-32bit/eclipse/arm-gcc-49/bin/../lib/gcc/arm-none-eabi/4.9.3/../../../../arm-none-eabi/lib/armv6-m\libc_nano.a
LOAD d:/blueaxis/downloads/compressed/dave infineon/dave_4-4-2_32bit_2018-02-23/dave-ide-4.4.2-32bit/eclipse/arm-gcc-49/bin/../lib/gcc/arm-none-eabi/4.9.3/../../../../arm-none-eabi/lib/armv6-m\libnosys.a
END GROUP
START GROUP
LOAD d:/blueaxis/downloads/compressed/dave infineon/dave_4-4-2_32bit_2018-02-23/dave-ide-4.4.2-32bit/eclipse/arm-gcc-49/bin/../lib/gcc/arm-none-eabi/4.9.3/armv6-m\libgcc.a
LOAD d:/blueaxis/downloads/compressed/dave infineon/dave_4-4-2_32bit_2018-02-23/dave-ide-4.4.2-32bit/eclipse/arm-gcc-49/bin/../lib/gcc/arm-none-eabi/4.9.3/../../../../arm-none-eabi/lib/armv6-m\libc_nano.a
LOAD d:/blueaxis/downloads/compressed/dave infineon/dave_4-4-2_32bit_2018-02-23/dave-ide-4.4.2-32bit/eclipse/arm-gcc-49/bin/../lib/gcc/arm-none-eabi/4.9.3/../../../../arm-none-eabi/lib/armv6-m\libnosys.a
END GROUP
                0x00000400                stack_size = DEFINED (stack_size)?stack_size:0x400
                0x00000004                no_init_size = 0x4

.text           0x10001000      0x894
                0x10001000                sText = .
 *(.reset)
 .reset         0x10001000       0x9c ./Startup/startup_XMC1100.o
                0x10001000                __Vectors
                0x10001018                Reset_Handler
                0x10001098                USIC0_5_IRQHandler
                0x10001098                HardFault_Handler
                0x10001098                SysTick_Handler
                0x10001098                PendSV_Handler
                0x10001098                CCU40_2_IRQHandler
                0x10001098                SCU_0_IRQHandler
                0x10001098                ERU0_0_IRQHandler
                0x10001098                USIC0_0_IRQHandler
                0x10001098                ERU0_2_IRQHandler
                0x10001098                ERU0_3_IRQHandler
                0x10001098                VADC0_C0_0_IRQHandler
                0x10001098                CCU40_0_IRQHandler
                0x10001098                SVC_Handler
                0x10001098                USIC0_3_IRQHandler
                0x10001098                CCU40_1_IRQHandler
                0x10001098                SCU_2_IRQHandler
                0x10001098                USIC0_1_IRQHandler
                0x10001098                CCU40_3_IRQHandler
                0x10001098                USIC0_4_IRQHandler
                0x10001098                SCU_1_IRQHandler
                0x10001098                ERU0_1_IRQHandler
                0x10001098                USIC0_2_IRQHandler
                0x10001098                Default_handler
 *(.text .text.* .gnu.linkonce.t.*)
 .text.SystemCoreClockUpdate
                0x1000109c       0x4c ./Startup/system_XMC1100.o
                0x1000109c                SystemCoreClockUpdate
 .text.SystemInit
                0x100010e8        0xc ./Startup/system_XMC1100.o
                0x100010e8                SystemInit
 .text.XMC_GPIO_Init
                0x100010f4       0x78 ./Libraries/XMCLib/src/xmc1_gpio.o
                0x100010f4                XMC_GPIO_Init
 .text.XMC_SCU_UnlockProtectedBits
                0x1000116c       0x14 ./Libraries/XMCLib/src/xmc1_scu.o
                0x1000116c                XMC_SCU_UnlockProtectedBits
 .text.XMC_SCU_CLOCK_UngatePeripheralClock
                0x10001180       0x28 ./Libraries/XMCLib/src/xmc1_scu.o
                0x10001180                XMC_SCU_CLOCK_UngatePeripheralClock
 .text.XMC_SCU_CLOCK_ScaleMCLKFrequency
                0x100011a8       0xa0 ./Libraries/XMCLib/src/xmc1_scu.o
                0x100011a8                XMC_SCU_CLOCK_ScaleMCLKFrequency
 .text.XMC_SCU_CLOCK_Init
                0x10001248       0x38 ./Libraries/XMCLib/src/xmc1_scu.o
                0x10001248                XMC_SCU_CLOCK_Init
 .text.XMC_GPIO_SetHardwareControl
                0x10001280       0x1a ./Libraries/XMCLib/src/xmc_gpio.o
                0x10001280                XMC_GPIO_SetHardwareControl
 .text.XMC_VADC_GLOBAL_EnableModule
                0x1000129a        0xa ./Libraries/XMCLib/src/xmc_vadc.o
                0x1000129a                XMC_VADC_GLOBAL_EnableModule
 .text.XMC_VADC_GLOBAL_Init
                0x100012a4       0x48 ./Libraries/XMCLib/src/xmc_vadc.o
                0x100012a4                XMC_VADC_GLOBAL_Init
 .text.XMC_VADC_GLOBAL_InputClassInit
                0x100012ec       0x10 ./Libraries/XMCLib/src/xmc_vadc.o
                0x100012ec                XMC_VADC_GLOBAL_InputClassInit
 .text.XMC_VADC_GLOBAL_StartupCalibration
                0x100012fc       0x2c ./Libraries/XMCLib/src/xmc_vadc.o
                0x100012fc                XMC_VADC_GLOBAL_StartupCalibration
 .text.XMC_VADC_GLOBAL_SetResultEventInterruptNode
                0x10001328       0x20 ./Libraries/XMCLib/src/xmc_vadc.o
                0x10001328                XMC_VADC_GLOBAL_SetResultEventInterruptNode
 .text.XMC_VADC_GLOBAL_BackgroundInit
                0x10001348       0x20 ./Libraries/XMCLib/src/xmc_vadc.o
                0x10001348                XMC_VADC_GLOBAL_BackgroundInit
 .text._init    0x10001368        0x2 ./Libraries/Newlib/syscalls.o
                0x10001368                _init
 *fill*         0x1000136a        0x2 
 .text.GLOBAL_ADC_Init
                0x1000136c       0x40 ./Dave/Generated/GLOBAL_ADC/global_adc.o
                0x1000136c                GLOBAL_ADC_Init
 .text.DIGITAL_IO_Init
                0x100013ac       0x1c ./Dave/Generated/DIGITAL_IO/digital_io.o
                0x100013ac                DIGITAL_IO_Init
 .text.SystemCoreSetup
                0x100013c8        0x2 ./Dave/Generated/CPU_CTRL_XMC1/cpu_ctrl_xmc1_conf.o
                0x100013c8                SystemCoreSetup
 .text.CLOCK_XMC1_Init
                0x100013ca        0xe ./Dave/Generated/CLOCK_XMC1/clock_xmc1.o
                0x100013ca                CLOCK_XMC1_Init
 .text.SystemCoreClockSetup
                0x100013d8       0x1c ./Dave/Generated/CLOCK_XMC1/clock_xmc1_conf.o
                0x100013d8                SystemCoreClockSetup
 .text.ADC_MEASUREMENT_Init
                0x100013f4      0x114 ./Dave/Generated/ADC_MEASUREMENT/adc_measurement.o
                0x100013f4                ADC_MEASUREMENT_Init
 .text.ADC_MEASUREMENT_StartConversion
                0x10001508       0x14 ./Dave/Generated/ADC_MEASUREMENT/adc_measurement.o
                0x10001508                ADC_MEASUREMENT_StartConversion
 .text.DAVE_Init
                0x1000151c       0x38 ./Dave/Generated/DAVE.o
                0x1000151c                DAVE_Init
 .text.is_even_parity
                0x10001554       0x16 ./main.o
                0x10001554                is_even_parity
 *fill*         0x1000156a        0x2 
 .text.get_bitstream
                0x1000156c       0xbc ./main.o
                0x1000156c                get_bitstream
 .text.VADC0_C0_1_IRQHandler
                0x10001628       0x8c ./main.o
                0x10001628                VADC0_C0_1_IRQHandler
 .text.startup.main
                0x100016b4       0x18 ./main.o
                0x100016b4                main
 .text          0x100016cc      0x120 d:/blueaxis/downloads/compressed/dave infineon/dave_4-4-2_32bit_2018-02-23/dave-ide-4.4.2-32bit/eclipse/arm-gcc-49/bin/../lib/gcc/arm-none-eabi/4.9.3/armv6-m\libgcc.a(_udivsi3.o)
                0x100016cc                __aeabi_uidiv
                0x100016cc                __udivsi3
                0x100017d8                __aeabi_uidivmod
 .text          0x100017ec        0x4 d:/blueaxis/downloads/compressed/dave infineon/dave_4-4-2_32bit_2018-02-23/dave-ide-4.4.2-32bit/eclipse/arm-gcc-49/bin/../lib/gcc/arm-none-eabi/4.9.3/armv6-m\libgcc.a(_dvmd_tls.o)
                0x100017ec                __aeabi_idiv0
                0x100017ec                __aeabi_ldiv0
 .text.__libc_init_array
                0x100017f0       0x4c d:/blueaxis/downloads/compressed/dave infineon/dave_4-4-2_32bit_2018-02-23/dave-ide-4.4.2-32bit/eclipse/arm-gcc-49/bin/../lib/gcc/arm-none-eabi/4.9.3/../../../../arm-none-eabi/lib/armv6-m\libc_nano.a(lib_a-init.o)
                0x100017f0                __libc_init_array
 *(.init)
 *(.fini)
 *crtbegin.o(.ctors)
 *crtbegin?.o(.ctors)
 *(EXCLUDE_FILE(*crtend.o *crtend?.o) .ctors)
 *(SORT(.ctors.*))
 *(.ctors)
 *crtbegin.o(.dtors)
 *crtbegin?.o(.dtors)
 *(EXCLUDE_FILE(*crtend.o *crtend?.o) .dtors)
 *(SORT(.dtors.*))
 *(.dtors)
 *(.rodata .rodata.*)
 .rodata.global_config
                0x1000183c       0x14 ./Dave/Generated/GLOBAL_ADC/global_adc_conf.o
                0x1000183c                global_config
 .rodata.DIGITAL_IO_0
                0x10001850       0x10 ./Dave/Generated/DIGITAL_IO/digital_io_conf.o
                0x10001850                DIGITAL_IO_0
 .rodata.DIGITAL_IO_1
                0x10001860       0x10 ./Dave/Generated/DIGITAL_IO/digital_io_conf.o
                0x10001860                DIGITAL_IO_1
 .rodata        0x10001870        0xc ./Dave/Generated/CLOCK_XMC1/clock_xmc1_conf.o
 .rodata.global_result_intr_handle
                0x1000187c        0x8 ./Dave/Generated/ADC_MEASUREMENT/adc_measurement_conf.o
                0x1000187c                global_result_intr_handle
 .rodata.backgnd_config
                0x10001884        0xc ./Dave/Generated/ADC_MEASUREMENT/adc_measurement_conf.o
                0x10001884                backgnd_config
 .rodata.global_iclass_config
                0x10001890        0x4 ./Dave/Generated/ADC_MEASUREMENT/adc_measurement_conf.o
                0x10001890                global_iclass_config
 *(.gnu.linkonce.r*)
 *(vtable)
                0x10001894                . = ALIGN (0x4)

.glue_7         0x10001894        0x0
 .glue_7        0x00000000        0x0 linker stubs

.glue_7t        0x10001894        0x0
 .glue_7t       0x00000000        0x0 linker stubs

.vfp11_veneer   0x10001894        0x0
 .vfp11_veneer  0x00000000        0x0 linker stubs

.v4_bx          0x10001894        0x0
 .v4_bx         0x00000000        0x0 linker stubs

.iplt           0x10001894        0x0
 .iplt          0x00000000        0x0 ./Startup/startup_XMC1100.o

.eh_frame_hdr
 *(.eh_frame_hdr)

.eh_frame
 *(.eh_frame)

.ARM.extab
 *(.ARM.extab* .gnu.linkonce.armextab.*)
                0x10001894                . = ALIGN (0x4)
                0x10001894                __exidx_start = .

.ARM.exidx
 *(.ARM.exidx* .gnu.linkonce.armexidx.*)
                0x10001894                __exidx_end = .
                0x10001894                . = ALIGN (0x4)

.VENEER_Code    0x2000000c      0x110 load address 0x10001894
                0x2000000c                . = ALIGN (0x4)
                0x2000000c                VeneerStart = .
 *(.XmcVeneerCode)
 .XmcVeneerCode
                0x2000000c      0x110 ./Startup/startup_XMC1100.o
                0x2000000c                HardFault_Veneer
                0x2000002c                SVC_Veneer
                0x20000038                PendSV_Veneer
                0x2000003c                SysTick_Veneer
                0x20000040                SCU_0_Veneer
                0x20000044                SCU_1_Veneer
                0x20000048                SCU_2_Veneer
                0x2000004c                SCU_3_Veneer
                0x20000050                SCU_4_Veneer
                0x20000054                SCU_5_Veneer
                0x20000058                SCU_6_Veneer
                0x20000064                USIC0_0_Veneer
                0x20000068                USIC0_1_Veneer
                0x2000006c                USIC0_2_Veneer
                0x20000070                USIC0_3_Veneer
                0x20000074                USIC0_4_Veneer
                0x20000078                USIC0_5_Veneer
                0x2000007c                VADC0_C0_0_Veneer
                0x20000080                VADC0_C0_1_Veneer
                0x20000094                CCU40_0_Veneer
                0x20000098                CCU40_1_Veneer
                0x2000009c                CCU40_2_Veneer
                0x200000a0                CCU40_3_Veneer
                0x2000011c                . = ALIGN (0x4)
                0x2000011c                VeneerEnd = .
                0x10001894                eROData = LOADADDR (.VENEER_Code)
                0x00000110                VeneerSize = (ABSOLUTE (VeneerEnd) - ABSOLUTE (VeneerStart))

.rel.dyn        0x2000011c        0x0 load address 0x100019a4
 .rel.iplt      0x00000000        0x0 ./Startup/startup_XMC1100.o

Stack           0x2000011c      0x404 load address 0x00000000
                0x20000120                . = ALIGN (0x8)
 *fill*         0x2000011c        0x4 
                0x20000520                . = (. + stack_size)
 *fill*         0x20000120      0x400 
                0x20000520                __initial_sp = .

.data           0x20000520       0x50 load address 0x100019a4
                0x20000520                . = ALIGN (0x4)
                0x20000520                __data_start = .
 *(.data)
 *(.data*)
 .data.GLOBAL_ADC_0
                0x20000520       0x14 ./Dave/Generated/GLOBAL_ADC/global_adc_conf.o
                0x20000520                GLOBAL_ADC_0
 .data.ADC_MEASUREMENT_0
                0x20000534       0x1c ./Dave/Generated/ADC_MEASUREMENT/adc_measurement_conf.o
                0x20000534                ADC_MEASUREMENT_0
 .data.ADC_MEASUREMENT_Channel_A_handle
                0x20000550        0x2 ./Dave/Generated/ADC_MEASUREMENT/adc_measurement_conf.o
                0x20000550                ADC_MEASUREMENT_Channel_A_handle
 .data.ADC_MEASUREMENT_Channel_C_handle
                0x20000552        0x2 ./Dave/Generated/ADC_MEASUREMENT/adc_measurement_conf.o
                0x20000552                ADC_MEASUREMENT_Channel_C_handle
 .data.ADC_MEASUREMENT_Channel_B_handle
                0x20000554        0x2 ./Dave/Generated/ADC_MEASUREMENT/adc_measurement_conf.o
                0x20000554                ADC_MEASUREMENT_Channel_B_handle
 *fill*         0x20000556        0x2 
 .data.ADC_MEASUREMENT_channel_array
                0x20000558       0x10 ./Dave/Generated/ADC_MEASUREMENT/adc_measurement_conf.o
                0x20000558                ADC_MEASUREMENT_channel_array
 .data.global_res_config
                0x20000568        0x4 ./Dave/Generated/ADC_MEASUREMENT/adc_measurement_conf.o
                0x20000568                global_res_config
 .data.n        0x2000056c        0x4 ./main.o
                0x2000056c                n
 *(*.data)
 *(.gnu.linkonce.d*)
                0x20000570                . = ALIGN (0x4)
                0x20000570                PROVIDE (__preinit_array_start, .)
 *(.preinit_array)
                0x20000570                PROVIDE (__preinit_array_end, .)
                0x20000570                . = ALIGN (0x4)
                0x20000570                PROVIDE (__init_array_start, .)
 *(SORT(.init_array.*))
 *(.init_array)
                0x20000570                PROVIDE (__init_array_end, .)
                0x20000570                . = ALIGN (0x4)
                0x20000570                PROVIDE (__fini_array_start, .)
 *(SORT(.fini_array.*))
 *(.fini_array)
                0x20000570                PROVIDE (__fini_array_end, .)
                0x20000570                . = ALIGN (0x4)
                0x20000570                __data_end = .
                0x100019a4                DataLoadAddr = LOADADDR (.data)
                0x00000050                __data_size = (__data_end - __data_start)

.igot.plt       0x20000570        0x0 load address 0x100019f4
 .igot.plt      0x00000000        0x0 ./Startup/startup_XMC1100.o

.ram_code       0x20000570        0x0 load address 0x100019f4
                0x20000570                . = ALIGN (0x4)
                0x20000570                __ram_code_start = .
 *(.ram_code)
                0x20000570                . = ALIGN (0x4)
                0x20000570                __ram_code_end = .
                0x100019f4                __ram_code_load = LOADADDR (.ram_code)
                0x00000000                __ram_code_size = (__ram_code_end - __ram_code_start)
                0x000009f4                __text_size = ((((__exidx_end - sText) + VeneerSize) + __data_size) + __ram_code_size)
                0x100019f4                eText = (sText + __text_size)

.bss            0x20000570       0x10 load address 0x100019f4
                0x20000570                . = ALIGN (0x4)
                0x20000570                __bss_start = .
 *(.bss)
 *(.bss*)
 .bss.FDIV.4796
                0x20000570        0x4 ./Startup/system_XMC1100.o
 .bss.IDIV.4795
                0x20000574        0x4 ./Startup/system_XMC1100.o
 .bss.CLOCK_XMC1_0
                0x20000578        0x1 ./Dave/Generated/CLOCK_XMC1/clock_xmc1_conf.o
                0x20000578                CLOCK_XMC1_0
 *(COMMON)
 *fill*         0x20000579        0x1 
 COMMON         0x2000057a        0x6 ./main.o
                0x2000057a                results
 *(.gnu.linkonce.b*)
                0x20000580                . = ALIGN (0x4)
                0x20000580                __bss_end = .
                0x20000580                . = ALIGN (0x8)
                0x20000580                Heap_Bank1_Start = .
                0x00000010                __bss_size = (__bss_end - __bss_start)

.no_init        0x20003ffc        0x4 load address 0x00003ee0
                0x20003ffc                Heap_Bank1_End = .
 *(.no_init)
 .no_init       0x20003ffc        0x4 ./Startup/system_XMC1100.o
                0x20003ffc                SystemCoreClock
                0x00003a7c                Heap_Bank1_Size = (Heap_Bank1_End - Heap_Bank1_Start)
                0x00000001                ASSERT ((Heap_Bank1_Start <= Heap_Bank1_End), region SRAM overflowed no_init section)

/DISCARD/
 *(.comment)

.stab
 *(.stab)

.stabstr
 *(.stabstr)

.debug
 *(.debug)

.line
 *(.line)

.debug_srcinfo
 *(.debug_srcinfo)

.debug_sfnames
 *(.debug_sfnames)

.debug_aranges
 *(.debug_aranges)

.debug_pubnames
 *(.debug_pubnames)

.debug_pubtypes
 *(.debug_pubtypes)

.debug_info
 *(.debug_info .gnu.linkonce.wi.*)

.debug_abbrev
 *(.debug_abbrev)

.debug_line
 *(.debug_line)

.debug_frame    0x00000000       0x4c
 *(.debug_frame)
 .debug_frame   0x00000000       0x20 d:/blueaxis/downloads/compressed/dave infineon/dave_4-4-2_32bit_2018-02-23/dave-ide-4.4.2-32bit/eclipse/arm-gcc-49/bin/../lib/gcc/arm-none-eabi/4.9.3/armv6-m\libgcc.a(_udivsi3.o)
 .debug_frame   0x00000020       0x2c d:/blueaxis/downloads/compressed/dave infineon/dave_4-4-2_32bit_2018-02-23/dave-ide-4.4.2-32bit/eclipse/arm-gcc-49/bin/../lib/gcc/arm-none-eabi/4.9.3/../../../../arm-none-eabi/lib/armv6-m\libc_nano.a(lib_a-init.o)

.debug_str
 *(.debug_str)

.debug_loc
 *(.debug_loc)

.debug_macinfo
 *(.debug_macinfo)

.debug_ranges
 *(.debug_ranges)

.debug_weaknames
 *(.debug_weaknames)

.debug_funcnames
 *(.debug_funcnames)

.debug_typenames
 *(.debug_typenames)

.debug_varnames
 *(.debug_varnames)

.build_attributes
                0x00000000      0x3ca
 *(.ARM.attributes)
 .ARM.attributes
                0x00000000       0x21 ./Startup/startup_XMC1100.o
 .ARM.attributes
                0x00000021       0x31 ./Startup/system_XMC1100.o
 .ARM.attributes
                0x00000052       0x31 ./Libraries/XMCLib/src/xmc1_gpio.o
 .ARM.attributes
                0x00000083       0x31 ./Libraries/XMCLib/src/xmc1_scu.o
 .ARM.attributes
                0x000000b4       0x31 ./Libraries/XMCLib/src/xmc_gpio.o
 .ARM.attributes
                0x000000e5       0x31 ./Libraries/XMCLib/src/xmc_vadc.o
 .ARM.attributes
                0x00000116       0x31 ./Libraries/Newlib/syscalls.o
 .ARM.attributes
                0x00000147       0x31 ./Dave/Generated/GLOBAL_ADC/global_adc.o
 .ARM.attributes
                0x00000178       0x31 ./Dave/Generated/GLOBAL_ADC/global_adc_conf.o
 .ARM.attributes
                0x000001a9       0x31 ./Dave/Generated/DIGITAL_IO/digital_io.o
 .ARM.attributes
                0x000001da       0x31 ./Dave/Generated/DIGITAL_IO/digital_io_conf.o
 .ARM.attributes
                0x0000020b       0x31 ./Dave/Generated/CPU_CTRL_XMC1/cpu_ctrl_xmc1_conf.o
 .ARM.attributes
                0x0000023c       0x31 ./Dave/Generated/CLOCK_XMC1/clock_xmc1.o
 .ARM.attributes
                0x0000026d       0x31 ./Dave/Generated/CLOCK_XMC1/clock_xmc1_conf.o
 .ARM.attributes
                0x0000029e       0x31 ./Dave/Generated/ADC_MEASUREMENT/adc_measurement.o
 .ARM.attributes
                0x000002cf       0x31 ./Dave/Generated/ADC_MEASUREMENT/adc_measurement_conf.o
 .ARM.attributes
                0x00000300       0x31 ./Dave/Generated/DAVE.o
 .ARM.attributes
                0x00000331       0x31 ./main.o
 .ARM.attributes
                0x00000362       0x1e d:/blueaxis/downloads/compressed/dave infineon/dave_4-4-2_32bit_2018-02-23/dave-ide-4.4.2-32bit/eclipse/arm-gcc-49/bin/../lib/gcc/arm-none-eabi/4.9.3/armv6-m\libgcc.a(_udivsi3.o)
 .ARM.attributes
                0x00000380       0x1e d:/blueaxis/downloads/compressed/dave infineon/dave_4-4-2_32bit_2018-02-23/dave-ide-4.4.2-32bit/eclipse/arm-gcc-49/bin/../lib/gcc/arm-none-eabi/4.9.3/armv6-m\libgcc.a(_dvmd_tls.o)
 .ARM.attributes
                0x0000039e       0x2c d:/blueaxis/downloads/compressed/dave infineon/dave_4-4-2_32bit_2018-02-23/dave-ide-4.4.2-32bit/eclipse/arm-gcc-49/bin/../lib/gcc/arm-none-eabi/4.9.3/../../../../arm-none-eabi/lib/armv6-m\libc_nano.a(lib_a-init.o)
OUTPUT(CanSat_Project.elf elf32-littlearm)
